/Users/misaelcastillo/curso-lse/trabajo_integrador/sdks/integrador_sdk/devices/LPC845/drivers/./fsl_clock.h:580:20:CLOCK_Select	16	static
/Users/misaelcastillo/curso-lse/trabajo_integrador/sdks/integrador_sdk/devices/LPC845/drivers/./fsl_clock.h:612:20:CLOCK_SetCoreSysClkDiv	16	static
/Users/misaelcastillo/curso-lse/trabajo_integrador/sdks/integrador_sdk/devices/LPC845/drivers/./fsl_clock.h:841:20:CLOCK_SetFroOscFreq	16	static
/Users/misaelcastillo/curso-lse/trabajo_integrador/sdks/integrador_sdk/devices/LPC845/drivers/./fsl_power.h:153:20:POWER_DisablePD	16	static
/Users/misaelcastillo/curso-lse/trabajo_integrador/sdks/integrador_sdk/devices/LPC845/project_template/clock_config.c:41:6:BOARD_InitBootClocks	8	static
/Users/misaelcastillo/curso-lse/trabajo_integrador/sdks/integrador_sdk/devices/LPC845/project_template/clock_config.c:67:6:BOARD_BootClockRUN	16	static
