/Users/misaelcastillo/curso-lse/trabajo_integrador/sdks/integrador_sdk/CMSIS/Core/Include/./core_cm0plus.h:757:22:__NVIC_EnableIRQ	16	static
/Users/misaelcastillo/curso-lse/trabajo_integrador/sdks/integrador_sdk/CMSIS/Core/Include/./core_cm0plus.h:795:22:__NVIC_DisableIRQ	16	static
/Users/misaelcastillo/curso-lse/trabajo_integrador/sdks/integrador_sdk/CMSIS/Core/Include/./core_cm0plus.h:848:22:__NVIC_ClearPendingIRQ	16	static
/Users/misaelcastillo/curso-lse/trabajo_integrador/sdks/integrador_sdk/devices/LPC845/drivers/fsl_clock.h:558:20:CLOCK_EnableClock	16	static
/Users/misaelcastillo/curso-lse/trabajo_integrador/sdks/integrador_sdk/devices/LPC845/drivers/fsl_clock.h:569:20:CLOCK_DisableClock	16	static
/Users/misaelcastillo/curso-lse/trabajo_integrador/sdks/integrador_sdk/devices/LPC845/drivers/fsl_reset.h:199:20:RESET_ReleasePeripheralReset	16	static
/Users/misaelcastillo/curso-lse/trabajo_integrador/sdks/integrador_sdk/devices/LPC845/drivers/fsl_common_arm.h:672:24:EnableIRQ	24	static
/Users/misaelcastillo/curso-lse/trabajo_integrador/sdks/integrador_sdk/devices/LPC845/drivers/fsl_common_arm.h:722:24:DisableIRQ	24	static
/Users/misaelcastillo/curso-lse/trabajo_integrador/sdks/integrador_sdk/devices/LPC845/drivers/fsl_pint.h:289:24:PINT_PinInterruptGetStatus	16	static
/Users/misaelcastillo/curso-lse/trabajo_integrador/sdks/integrador_sdk/devices/LPC845/drivers/fsl_pint.h:330:20:PINT_PinInterruptClrFallFlag	16	static
/Users/misaelcastillo/curso-lse/trabajo_integrador/sdks/integrador_sdk/devices/LPC845/drivers/fsl_pint.h:345:24:PINT_PinInterruptGetFallFlag	16	static
/Users/misaelcastillo/curso-lse/trabajo_integrador/sdks/integrador_sdk/devices/LPC845/drivers/fsl_pint.h:389:20:PINT_PinInterruptClrRiseFlag	16	static
/Users/misaelcastillo/curso-lse/trabajo_integrador/sdks/integrador_sdk/devices/LPC845/drivers/fsl_pint.h:404:24:PINT_PinInterruptGetRiseFlag	16	static
/Users/misaelcastillo/curso-lse/trabajo_integrador/sdks/integrador_sdk/devices/LPC845/drivers/fsl_pint.h:489:24:PINT_PatternMatchGetStatusAll	16	static
/Users/misaelcastillo/curso-lse/trabajo_integrador/sdks/integrador_sdk/devices/LPC845/drivers/fsl_pint.c:76:17:PINT_GetInstance	24	static
/Users/misaelcastillo/curso-lse/trabajo_integrador/sdks/integrador_sdk/devices/LPC845/drivers/fsl_pint.c:101:6:PINT_Init	32	static
/Users/misaelcastillo/curso-lse/trabajo_integrador/sdks/integrador_sdk/devices/LPC845/drivers/fsl_pint.c:206:6:PINT_SetCallback	24	static
/Users/misaelcastillo/curso-lse/trabajo_integrador/sdks/integrador_sdk/devices/LPC845/drivers/fsl_pint.c:240:6:PINT_PinInterruptConfig	16	static
/Users/misaelcastillo/curso-lse/trabajo_integrador/sdks/integrador_sdk/devices/LPC845/drivers/fsl_pint.c:304:6:PINT_PinInterruptGetConfig	32	static
/Users/misaelcastillo/curso-lse/trabajo_integrador/sdks/integrador_sdk/devices/LPC845/drivers/fsl_pint.c:386:6:PINT_PatternMatchConfig	48	static
/Users/misaelcastillo/curso-lse/trabajo_integrador/sdks/integrador_sdk/devices/LPC845/drivers/fsl_pint.c:455:6:PINT_PatternMatchGetConfig	40	static
/Users/misaelcastillo/curso-lse/trabajo_integrador/sdks/integrador_sdk/devices/LPC845/drivers/fsl_pint.c:511:10:PINT_PatternMatchResetDetectLogic	32	static
/Users/misaelcastillo/curso-lse/trabajo_integrador/sdks/integrador_sdk/devices/LPC845/drivers/fsl_pint.c:538:6:PINT_PinInterruptClrStatus	24	static
/Users/misaelcastillo/curso-lse/trabajo_integrador/sdks/integrador_sdk/devices/LPC845/drivers/fsl_pint.c:559:6:PINT_PinInterruptClrStatusAll	40	static
/Users/misaelcastillo/curso-lse/trabajo_integrador/sdks/integrador_sdk/devices/LPC845/drivers/fsl_pint.c:604:6:PINT_EnableCallback	24	static
/Users/misaelcastillo/curso-lse/trabajo_integrador/sdks/integrador_sdk/devices/LPC845/drivers/fsl_pint.c:652:6:PINT_EnableCallbackByIndex	16	static
/Users/misaelcastillo/curso-lse/trabajo_integrador/sdks/integrador_sdk/devices/LPC845/drivers/fsl_pint.c:686:6:PINT_DisableCallback	24	static
/Users/misaelcastillo/curso-lse/trabajo_integrador/sdks/integrador_sdk/devices/LPC845/drivers/fsl_pint.c:734:6:PINT_DisableCallbackByIndex	24	static
/Users/misaelcastillo/curso-lse/trabajo_integrador/sdks/integrador_sdk/devices/LPC845/drivers/fsl_pint.c:771:6:PINT_Deinit	24	static
/Users/misaelcastillo/curso-lse/trabajo_integrador/sdks/integrador_sdk/devices/LPC845/drivers/fsl_pint.c:847:13:PINT_CommonIRQHanlder	40	static
/Users/misaelcastillo/curso-lse/trabajo_integrador/sdks/integrador_sdk/devices/LPC845/drivers/fsl_pint.c:912:6:PINT0_DriverIRQHandler	24	static
/Users/misaelcastillo/curso-lse/trabajo_integrador/sdks/integrador_sdk/devices/LPC845/drivers/fsl_pint.c:928:6:PIN_INT0_DriverIRQHandler	8	static
/Users/misaelcastillo/curso-lse/trabajo_integrador/sdks/integrador_sdk/devices/LPC845/drivers/fsl_pint.c:936:6:PIN_INT1_DriverIRQHandler	8	static
/Users/misaelcastillo/curso-lse/trabajo_integrador/sdks/integrador_sdk/devices/LPC845/drivers/fsl_pint.c:945:6:PIN_INT2_DriverIRQHandler	8	static
/Users/misaelcastillo/curso-lse/trabajo_integrador/sdks/integrador_sdk/devices/LPC845/drivers/fsl_pint.c:954:6:PIN_INT3_DriverIRQHandler	8	static
/Users/misaelcastillo/curso-lse/trabajo_integrador/sdks/integrador_sdk/devices/LPC845/drivers/fsl_pint.c:963:6:PIN_INT4_DriverIRQHandler	8	static
/Users/misaelcastillo/curso-lse/trabajo_integrador/sdks/integrador_sdk/devices/LPC845/drivers/fsl_pint.c:973:6:PIN_INT5_DAC1_IRQHandler	8	static
/Users/misaelcastillo/curso-lse/trabajo_integrador/sdks/integrador_sdk/devices/LPC845/drivers/fsl_pint.c:987:6:PIN_INT6_USART3_IRQHandler	8	static
/Users/misaelcastillo/curso-lse/trabajo_integrador/sdks/integrador_sdk/devices/LPC845/drivers/fsl_pint.c:1001:6:PIN_INT7_USART4_IRQHandler	8	static
