/Users/misaelcastillo/curso-lse/trabajo_integrador/sdks/integrador_sdk/CMSIS/Core/Include/./core_cm0plus.h:757:22:__NVIC_EnableIRQ	16	static
/Users/misaelcastillo/curso-lse/trabajo_integrador/sdks/integrador_sdk/CMSIS/Core/Include/./core_cm0plus.h:795:22:__NVIC_DisableIRQ	16	static
/Users/misaelcastillo/curso-lse/trabajo_integrador/sdks/integrador_sdk/devices/LPC845/drivers/fsl_clock.h:558:20:CLOCK_EnableClock	16	static
/Users/misaelcastillo/curso-lse/trabajo_integrador/sdks/integrador_sdk/devices/LPC845/drivers/fsl_clock.h:569:20:CLOCK_DisableClock	16	static
/Users/misaelcastillo/curso-lse/trabajo_integrador/sdks/integrador_sdk/devices/LPC845/drivers/fsl_common_arm.h:672:24:EnableIRQ	24	static
/Users/misaelcastillo/curso-lse/trabajo_integrador/sdks/integrador_sdk/devices/LPC845/drivers/fsl_common_arm.h:722:24:DisableIRQ	24	static
/Users/misaelcastillo/curso-lse/trabajo_integrador/sdks/integrador_sdk/devices/LPC845/drivers/fsl_ctimer.h:488:24:CTIMER_GetStatusFlags	16	static
/Users/misaelcastillo/curso-lse/trabajo_integrador/sdks/integrador_sdk/devices/LPC845/drivers/fsl_ctimer.h:500:20:CTIMER_ClearStatusFlags	16	static
/Users/misaelcastillo/curso-lse/trabajo_integrador/sdks/integrador_sdk/devices/LPC845/drivers/fsl_ctimer.c:70:17:CTIMER_GetInstance	24	static
/Users/misaelcastillo/curso-lse/trabajo_integrador/sdks/integrador_sdk/devices/LPC845/drivers/fsl_ctimer.c:97:6:CTIMER_Init	16	static
/Users/misaelcastillo/curso-lse/trabajo_integrador/sdks/integrador_sdk/devices/LPC845/drivers/fsl_ctimer.c:133:6:CTIMER_Deinit	24	static
/Users/misaelcastillo/curso-lse/trabajo_integrador/sdks/integrador_sdk/devices/LPC845/drivers/fsl_ctimer.c:159:6:CTIMER_GetDefaultConfig	16	static
/Users/misaelcastillo/curso-lse/trabajo_integrador/sdks/integrador_sdk/devices/LPC845/drivers/fsl_ctimer.c:197:10:CTIMER_SetupPwm	120	static
/Users/misaelcastillo/curso-lse/trabajo_integrador/sdks/integrador_sdk/devices/LPC845/drivers/fsl_ctimer.c:306:10:CTIMER_SetupPwmPeriod	40	static
/Users/misaelcastillo/curso-lse/trabajo_integrador/sdks/integrador_sdk/devices/LPC845/drivers/fsl_ctimer.c:375:10:CTIMER_UpdatePwmDutycycle	64	static
/Users/misaelcastillo/curso-lse/trabajo_integrador/sdks/integrador_sdk/devices/LPC845/drivers/fsl_ctimer.c:421:6:CTIMER_SetupMatch	40	static
/Users/misaelcastillo/curso-lse/trabajo_integrador/sdks/integrador_sdk/devices/LPC845/drivers/fsl_ctimer.c:492:10:CTIMER_GetOutputMatchStatus	16	static
/Users/misaelcastillo/curso-lse/trabajo_integrador/sdks/integrador_sdk/devices/LPC845/drivers/fsl_ctimer.c:507:6:CTIMER_SetupCapture	32	static
/Users/misaelcastillo/curso-lse/trabajo_integrador/sdks/integrador_sdk/devices/LPC845/drivers/fsl_ctimer.c:554:6:CTIMER_RegisterCallBack	32	static
/Users/misaelcastillo/curso-lse/trabajo_integrador/sdks/integrador_sdk/devices/LPC845/drivers/fsl_ctimer.c:566:13:CTIMER_GenericIRQHandler	32	static
/Users/misaelcastillo/curso-lse/trabajo_integrador/sdks/integrador_sdk/devices/LPC845/drivers/fsl_ctimer.c:610:6:CTIMER0_DriverIRQHandler	8	static
