/Users/misaelcastillo/curso-lse/trabajo_integrador/sdks/integrador_sdk/CMSIS/Core/Include/./core_cm0plus.h:757:22:__NVIC_EnableIRQ	16	static
/Users/misaelcastillo/curso-lse/trabajo_integrador/sdks/integrador_sdk/devices/LPC845/drivers/fsl_clock.h:558:20:CLOCK_EnableClock	16	static
/Users/misaelcastillo/curso-lse/trabajo_integrador/sdks/integrador_sdk/devices/LPC845/drivers/fsl_clock.h:569:20:CLOCK_DisableClock	16	static
/Users/misaelcastillo/curso-lse/trabajo_integrador/sdks/integrador_sdk/devices/LPC845/drivers/fsl_common_arm.h:672:24:EnableIRQ	24	static
/Users/misaelcastillo/curso-lse/trabajo_integrador/sdks/integrador_sdk/devices/LPC845/drivers/fsl_i2c.h:461:20:I2C_MasterEnable	16	static
/Users/misaelcastillo/curso-lse/trabajo_integrador/sdks/integrador_sdk/devices/LPC845/drivers/fsl_i2c.h:490:24:I2C_GetStatusFlags	16	static
/Users/misaelcastillo/curso-lse/trabajo_integrador/sdks/integrador_sdk/devices/LPC845/drivers/fsl_i2c.h:510:20:I2C_MasterClearStatusFlags	16	static
/Users/misaelcastillo/curso-lse/trabajo_integrador/sdks/integrador_sdk/devices/LPC845/drivers/fsl_i2c.h:528:20:I2C_EnableInterrupts	16	static
/Users/misaelcastillo/curso-lse/trabajo_integrador/sdks/integrador_sdk/devices/LPC845/drivers/fsl_i2c.h:540:20:I2C_DisableInterrupts	16	static
/Users/misaelcastillo/curso-lse/trabajo_integrador/sdks/integrador_sdk/devices/LPC845/drivers/fsl_i2c.h:620:24:I2C_MasterRepeatedStart	16	static
/Users/misaelcastillo/curso-lse/trabajo_integrador/sdks/integrador_sdk/devices/LPC845/drivers/fsl_i2c.h:830:20:I2C_SlaveEnable	16	static
/Users/misaelcastillo/curso-lse/trabajo_integrador/sdks/integrador_sdk/devices/LPC845/drivers/fsl_i2c.h:855:20:I2C_SlaveClearStatusFlags	16	static
/Users/misaelcastillo/curso-lse/trabajo_integrador/sdks/integrador_sdk/devices/LPC845/drivers/fsl_i2c.c:101:10:I2C_GetInstance	24	static
/Users/misaelcastillo/curso-lse/trabajo_integrador/sdks/integrador_sdk/devices/LPC845/drivers/fsl_i2c.c:134:6:I2C_MasterGetDefaultConfig	16	static
/Users/misaelcastillo/curso-lse/trabajo_integrador/sdks/integrador_sdk/devices/LPC845/drivers/fsl_i2c.c:157:6:I2C_MasterInit	24	static
/Users/misaelcastillo/curso-lse/trabajo_integrador/sdks/integrador_sdk/devices/LPC845/drivers/fsl_i2c.c:180:6:I2C_MasterDeinit	16	static
/Users/misaelcastillo/curso-lse/trabajo_integrador/sdks/integrador_sdk/devices/LPC845/drivers/fsl_i2c.c:200:6:I2C_MasterSetBaudRate	48	static
/Users/misaelcastillo/curso-lse/trabajo_integrador/sdks/integrador_sdk/devices/LPC845/drivers/fsl_i2c.c:241:17:I2C_PendingStatusWait	24	static
/Users/misaelcastillo/curso-lse/trabajo_integrador/sdks/integrador_sdk/devices/LPC845/drivers/fsl_i2c.c:281:10:I2C_MasterStart	16	static
/Users/misaelcastillo/curso-lse/trabajo_integrador/sdks/integrador_sdk/devices/LPC845/drivers/fsl_i2c.c:302:10:I2C_MasterStop	16	static
/Users/misaelcastillo/curso-lse/trabajo_integrador/sdks/integrador_sdk/devices/LPC845/drivers/fsl_i2c.c:330:10:I2C_MasterWriteBlocking	40	static
/Users/misaelcastillo/curso-lse/trabajo_integrador/sdks/integrador_sdk/devices/LPC845/drivers/fsl_i2c.c:446:10:I2C_MasterReadBlocking	40	static
/Users/misaelcastillo/curso-lse/trabajo_integrador/sdks/integrador_sdk/devices/LPC845/drivers/fsl_i2c.c:545:10:I2C_MasterTransferBlocking	32	static
/Users/misaelcastillo/curso-lse/trabajo_integrador/sdks/integrador_sdk/devices/LPC845/drivers/fsl_i2c.c:626:6:I2C_MasterTransferCreateHandle	32	static
/Users/misaelcastillo/curso-lse/trabajo_integrador/sdks/integrador_sdk/devices/LPC845/drivers/fsl_i2c.c:666:10:I2C_MasterTransferNonBlocking	32	static
/Users/misaelcastillo/curso-lse/trabajo_integrador/sdks/integrador_sdk/devices/LPC845/drivers/fsl_i2c.c:703:10:I2C_MasterTransferGetCount	24	static
/Users/misaelcastillo/curso-lse/trabajo_integrador/sdks/integrador_sdk/devices/LPC845/drivers/fsl_i2c.c:735:10:I2C_MasterTransferAbort	24	static
/Users/misaelcastillo/curso-lse/trabajo_integrador/sdks/integrador_sdk/devices/LPC845/drivers/fsl_i2c.c:786:17:I2C_InitTransferStateMachine	48	static
/Users/misaelcastillo/curso-lse/trabajo_integrador/sdks/integrador_sdk/devices/LPC845/drivers/fsl_i2c.c:853:17:I2C_RunTransferStateMachine	48	static
/Users/misaelcastillo/curso-lse/trabajo_integrador/sdks/integrador_sdk/devices/LPC845/drivers/fsl_i2c.c:1031:6:I2C_MasterTransferHandleIRQ	40	static
/Users/misaelcastillo/curso-lse/trabajo_integrador/sdks/integrador_sdk/devices/LPC845/drivers/fsl_i2c.c:1065:13:I2C_SlaveInternalStateMachineReset	16	static
/Users/misaelcastillo/curso-lse/trabajo_integrador/sdks/integrador_sdk/devices/LPC845/drivers/fsl_i2c.c:1079:17:I2C_SlaveDivVal	32	static
/Users/misaelcastillo/curso-lse/trabajo_integrador/sdks/integrador_sdk/devices/LPC845/drivers/fsl_i2c.c:1132:17:I2C_SlavePollPending	24	static
/Users/misaelcastillo/curso-lse/trabajo_integrador/sdks/integrador_sdk/devices/LPC845/drivers/fsl_i2c.c:1167:13:I2C_SlaveInvokeEvent	48	static
/Users/misaelcastillo/curso-lse/trabajo_integrador/sdks/integrador_sdk/devices/LPC845/drivers/fsl_i2c.c:1205:13:I2C_SlaveAddressIRQ	32	static
/Users/misaelcastillo/curso-lse/trabajo_integrador/sdks/integrador_sdk/devices/LPC845/drivers/fsl_i2c.c:1282:17:I2C_SlaveTransferNonBlockingInternal	32	static
/Users/misaelcastillo/curso-lse/trabajo_integrador/sdks/integrador_sdk/devices/LPC845/drivers/fsl_i2c.c:1350:10:I2C_SlaveSetSendBuffer	48	static
/Users/misaelcastillo/curso-lse/trabajo_integrador/sdks/integrador_sdk/devices/LPC845/drivers/fsl_i2c.c:1380:10:I2C_SlaveSetReceiveBuffer	40	static
/Users/misaelcastillo/curso-lse/trabajo_integrador/sdks/integrador_sdk/devices/LPC845/drivers/fsl_i2c.c:1398:6:I2C_SlaveSetAddress	24	static
/Users/misaelcastillo/curso-lse/trabajo_integrador/sdks/integrador_sdk/devices/LPC845/drivers/fsl_i2c.c:1427:6:I2C_SlaveGetDefaultConfig	40	static
/Users/misaelcastillo/curso-lse/trabajo_integrador/sdks/integrador_sdk/devices/LPC845/drivers/fsl_i2c.c:1458:10:I2C_SlaveInit	32	static
/Users/misaelcastillo/curso-lse/trabajo_integrador/sdks/integrador_sdk/devices/LPC845/drivers/fsl_i2c.c:1509:6:I2C_SlaveDeinit	16	static
/Users/misaelcastillo/curso-lse/trabajo_integrador/sdks/integrador_sdk/devices/LPC845/drivers/fsl_i2c.c:1530:10:I2C_SlaveWriteBlocking	48	static
/Users/misaelcastillo/curso-lse/trabajo_integrador/sdks/integrador_sdk/devices/LPC845/drivers/fsl_i2c.c:1617:10:I2C_SlaveReadBlocking	48	static
/Users/misaelcastillo/curso-lse/trabajo_integrador/sdks/integrador_sdk/devices/LPC845/drivers/fsl_i2c.c:1706:6:I2C_SlaveTransferCreateHandle	32	static
/Users/misaelcastillo/curso-lse/trabajo_integrador/sdks/integrador_sdk/devices/LPC845/drivers/fsl_i2c.c:1769:10:I2C_SlaveTransferNonBlocking	40	static
/Users/misaelcastillo/curso-lse/trabajo_integrador/sdks/integrador_sdk/devices/LPC845/drivers/fsl_i2c.c:1783:10:I2C_SlaveTransferGetCount	24	static
/Users/misaelcastillo/curso-lse/trabajo_integrador/sdks/integrador_sdk/devices/LPC845/drivers/fsl_i2c.c:1813:6:I2C_SlaveTransferAbort	16	static
/Users/misaelcastillo/curso-lse/trabajo_integrador/sdks/integrador_sdk/devices/LPC845/drivers/fsl_i2c.c:1833:6:I2C_SlaveTransferHandleIRQ	40	static
/Users/misaelcastillo/curso-lse/trabajo_integrador/sdks/integrador_sdk/devices/LPC845/drivers/fsl_i2c.c:1960:13:I2C_TransferCommonIRQHandler	16	static
/Users/misaelcastillo/curso-lse/trabajo_integrador/sdks/integrador_sdk/devices/LPC845/drivers/fsl_i2c.c:1976:6:I2C0_DriverIRQHandler	8	static
/Users/misaelcastillo/curso-lse/trabajo_integrador/sdks/integrador_sdk/devices/LPC845/drivers/fsl_i2c.c:1984:6:I2C1_DriverIRQHandler	8	static
/Users/misaelcastillo/curso-lse/trabajo_integrador/sdks/integrador_sdk/devices/LPC845/drivers/fsl_i2c.c:1992:6:I2C2_DriverIRQHandler	8	static
