/Users/misaelcastillo/curso-lse/trabajo_integrador/sdks/integrador_sdk/CMSIS/RTOS2/RTX/Source/rtx_evr.c:252:13:EvrRtxMemoryInit	24	static
/Users/misaelcastillo/curso-lse/trabajo_integrador/sdks/integrador_sdk/CMSIS/RTOS2/RTX/Source/rtx_evr.c:264:13:EvrRtxMemoryAlloc	24	static
/Users/misaelcastillo/curso-lse/trabajo_integrador/sdks/integrador_sdk/CMSIS/RTOS2/RTX/Source/rtx_evr.c:277:13:EvrRtxMemoryFree	24	static
/Users/misaelcastillo/curso-lse/trabajo_integrador/sdks/integrador_sdk/CMSIS/RTOS2/RTX/Source/rtx_evr.c:289:13:EvrRtxMemoryBlockInit	24	static
/Users/misaelcastillo/curso-lse/trabajo_integrador/sdks/integrador_sdk/CMSIS/RTOS2/RTX/Source/rtx_evr.c:302:13:EvrRtxMemoryBlockAlloc	16	static
/Users/misaelcastillo/curso-lse/trabajo_integrador/sdks/integrador_sdk/CMSIS/RTOS2/RTX/Source/rtx_evr.c:313:13:EvrRtxMemoryBlockFree	24	static
/Users/misaelcastillo/curso-lse/trabajo_integrador/sdks/integrador_sdk/CMSIS/RTOS2/RTX/Source/rtx_evr.c:328:13:EvrRtxKernelError	16	static
/Users/misaelcastillo/curso-lse/trabajo_integrador/sdks/integrador_sdk/CMSIS/RTOS2/RTX/Source/rtx_evr.c:338:13:EvrRtxKernelInitialize	8	static
/Users/misaelcastillo/curso-lse/trabajo_integrador/sdks/integrador_sdk/CMSIS/RTOS2/RTX/Source/rtx_evr.c:347:13:EvrRtxKernelInitialized	8	static
/Users/misaelcastillo/curso-lse/trabajo_integrador/sdks/integrador_sdk/CMSIS/RTOS2/RTX/Source/rtx_evr.c:356:13:EvrRtxKernelGetInfo	24	static
/Users/misaelcastillo/curso-lse/trabajo_integrador/sdks/integrador_sdk/CMSIS/RTOS2/RTX/Source/rtx_evr.c:368:13:EvrRtxKernelInfoRetrieved	24	static
/Users/misaelcastillo/curso-lse/trabajo_integrador/sdks/integrador_sdk/CMSIS/RTOS2/RTX/Source/rtx_evr.c:385:13:EvrRtxKernelGetState	16	static
/Users/misaelcastillo/curso-lse/trabajo_integrador/sdks/integrador_sdk/CMSIS/RTOS2/RTX/Source/rtx_evr.c:395:13:EvrRtxKernelStart	8	static
/Users/misaelcastillo/curso-lse/trabajo_integrador/sdks/integrador_sdk/CMSIS/RTOS2/RTX/Source/rtx_evr.c:404:13:EvrRtxKernelStarted	8	static
/Users/misaelcastillo/curso-lse/trabajo_integrador/sdks/integrador_sdk/CMSIS/RTOS2/RTX/Source/rtx_evr.c:413:13:EvrRtxKernelLock	8	static
/Users/misaelcastillo/curso-lse/trabajo_integrador/sdks/integrador_sdk/CMSIS/RTOS2/RTX/Source/rtx_evr.c:422:13:EvrRtxKernelLocked	16	static
/Users/misaelcastillo/curso-lse/trabajo_integrador/sdks/integrador_sdk/CMSIS/RTOS2/RTX/Source/rtx_evr.c:432:13:EvrRtxKernelUnlock	8	static
/Users/misaelcastillo/curso-lse/trabajo_integrador/sdks/integrador_sdk/CMSIS/RTOS2/RTX/Source/rtx_evr.c:441:13:EvrRtxKernelUnlocked	16	static
/Users/misaelcastillo/curso-lse/trabajo_integrador/sdks/integrador_sdk/CMSIS/RTOS2/RTX/Source/rtx_evr.c:451:13:EvrRtxKernelRestoreLock	16	static
/Users/misaelcastillo/curso-lse/trabajo_integrador/sdks/integrador_sdk/CMSIS/RTOS2/RTX/Source/rtx_evr.c:461:13:EvrRtxKernelLockRestored	16	static
/Users/misaelcastillo/curso-lse/trabajo_integrador/sdks/integrador_sdk/CMSIS/RTOS2/RTX/Source/rtx_evr.c:471:13:EvrRtxKernelSuspend	8	static
/Users/misaelcastillo/curso-lse/trabajo_integrador/sdks/integrador_sdk/CMSIS/RTOS2/RTX/Source/rtx_evr.c:480:13:EvrRtxKernelSuspended	16	static
/Users/misaelcastillo/curso-lse/trabajo_integrador/sdks/integrador_sdk/CMSIS/RTOS2/RTX/Source/rtx_evr.c:490:13:EvrRtxKernelResume	16	static
/Users/misaelcastillo/curso-lse/trabajo_integrador/sdks/integrador_sdk/CMSIS/RTOS2/RTX/Source/rtx_evr.c:500:13:EvrRtxKernelResumed	8	static
/Users/misaelcastillo/curso-lse/trabajo_integrador/sdks/integrador_sdk/CMSIS/RTOS2/RTX/Source/rtx_evr.c:509:13:EvrRtxKernelProtect	16	static
/Users/misaelcastillo/curso-lse/trabajo_integrador/sdks/integrador_sdk/CMSIS/RTOS2/RTX/Source/rtx_evr.c:519:13:EvrRtxKernelProtected	8	static
/Users/misaelcastillo/curso-lse/trabajo_integrador/sdks/integrador_sdk/CMSIS/RTOS2/RTX/Source/rtx_evr.c:527:13:EvrRtxKernelGetTickCount	16	static
/Users/misaelcastillo/curso-lse/trabajo_integrador/sdks/integrador_sdk/CMSIS/RTOS2/RTX/Source/rtx_evr.c:537:13:EvrRtxKernelGetTickFreq	16	static
/Users/misaelcastillo/curso-lse/trabajo_integrador/sdks/integrador_sdk/CMSIS/RTOS2/RTX/Source/rtx_evr.c:547:13:EvrRtxKernelGetSysTimerCount	16	static
/Users/misaelcastillo/curso-lse/trabajo_integrador/sdks/integrador_sdk/CMSIS/RTOS2/RTX/Source/rtx_evr.c:557:13:EvrRtxKernelGetSysTimerFreq	16	static
/Users/misaelcastillo/curso-lse/trabajo_integrador/sdks/integrador_sdk/CMSIS/RTOS2/RTX/Source/rtx_evr.c:567:13:EvrRtxKernelErrorNotify	16	static
/Users/misaelcastillo/curso-lse/trabajo_integrador/sdks/integrador_sdk/CMSIS/RTOS2/RTX/Source/rtx_evr.c:578:13:EvrRtxKernelDestroyClass	16	static
/Users/misaelcastillo/curso-lse/trabajo_integrador/sdks/integrador_sdk/CMSIS/RTOS2/RTX/Source/rtx_evr.c:592:13:EvrRtxThreadError	16	static
/Users/misaelcastillo/curso-lse/trabajo_integrador/sdks/integrador_sdk/CMSIS/RTOS2/RTX/Source/rtx_evr.c:603:13:EvrRtxThreadNew	24	static
/Users/misaelcastillo/curso-lse/trabajo_integrador/sdks/integrador_sdk/CMSIS/RTOS2/RTX/Source/rtx_evr.c:615:13:EvrRtxThreadCreated	24	static
/Users/misaelcastillo/curso-lse/trabajo_integrador/sdks/integrador_sdk/CMSIS/RTOS2/RTX/Source/rtx_evr.c:631:13:EvrRtxThreadGetName	16	static
/Users/misaelcastillo/curso-lse/trabajo_integrador/sdks/integrador_sdk/CMSIS/RTOS2/RTX/Source/rtx_evr.c:642:13:EvrRtxThreadGetClass	16	static
/Users/misaelcastillo/curso-lse/trabajo_integrador/sdks/integrador_sdk/CMSIS/RTOS2/RTX/Source/rtx_evr.c:653:13:EvrRtxThreadGetZone	16	static
/Users/misaelcastillo/curso-lse/trabajo_integrador/sdks/integrador_sdk/CMSIS/RTOS2/RTX/Source/rtx_evr.c:664:13:EvrRtxThreadGetId	16	static
/Users/misaelcastillo/curso-lse/trabajo_integrador/sdks/integrador_sdk/CMSIS/RTOS2/RTX/Source/rtx_evr.c:674:13:EvrRtxThreadGetState	16	static
/Users/misaelcastillo/curso-lse/trabajo_integrador/sdks/integrador_sdk/CMSIS/RTOS2/RTX/Source/rtx_evr.c:685:13:EvrRtxThreadGetStackSize	16	static
/Users/misaelcastillo/curso-lse/trabajo_integrador/sdks/integrador_sdk/CMSIS/RTOS2/RTX/Source/rtx_evr.c:696:13:EvrRtxThreadGetStackSpace	16	static
/Users/misaelcastillo/curso-lse/trabajo_integrador/sdks/integrador_sdk/CMSIS/RTOS2/RTX/Source/rtx_evr.c:707:13:EvrRtxThreadSetPriority	16	static
/Users/misaelcastillo/curso-lse/trabajo_integrador/sdks/integrador_sdk/CMSIS/RTOS2/RTX/Source/rtx_evr.c:718:13:EvrRtxThreadPriorityUpdated	16	static
/Users/misaelcastillo/curso-lse/trabajo_integrador/sdks/integrador_sdk/CMSIS/RTOS2/RTX/Source/rtx_evr.c:729:13:EvrRtxThreadGetPriority	16	static
/Users/misaelcastillo/curso-lse/trabajo_integrador/sdks/integrador_sdk/CMSIS/RTOS2/RTX/Source/rtx_evr.c:740:13:EvrRtxThreadYield	8	static
/Users/misaelcastillo/curso-lse/trabajo_integrador/sdks/integrador_sdk/CMSIS/RTOS2/RTX/Source/rtx_evr.c:749:13:EvrRtxThreadSuspend	16	static
/Users/misaelcastillo/curso-lse/trabajo_integrador/sdks/integrador_sdk/CMSIS/RTOS2/RTX/Source/rtx_evr.c:759:13:EvrRtxThreadSuspended	16	static
/Users/misaelcastillo/curso-lse/trabajo_integrador/sdks/integrador_sdk/CMSIS/RTOS2/RTX/Source/rtx_evr.c:769:13:EvrRtxThreadResume	16	static
/Users/misaelcastillo/curso-lse/trabajo_integrador/sdks/integrador_sdk/CMSIS/RTOS2/RTX/Source/rtx_evr.c:779:13:EvrRtxThreadResumed	16	static
/Users/misaelcastillo/curso-lse/trabajo_integrador/sdks/integrador_sdk/CMSIS/RTOS2/RTX/Source/rtx_evr.c:789:13:EvrRtxThreadDetach	16	static
/Users/misaelcastillo/curso-lse/trabajo_integrador/sdks/integrador_sdk/CMSIS/RTOS2/RTX/Source/rtx_evr.c:799:13:EvrRtxThreadDetached	16	static
/Users/misaelcastillo/curso-lse/trabajo_integrador/sdks/integrador_sdk/CMSIS/RTOS2/RTX/Source/rtx_evr.c:809:13:EvrRtxThreadJoin	16	static
/Users/misaelcastillo/curso-lse/trabajo_integrador/sdks/integrador_sdk/CMSIS/RTOS2/RTX/Source/rtx_evr.c:819:13:EvrRtxThreadJoinPending	16	static
/Users/misaelcastillo/curso-lse/trabajo_integrador/sdks/integrador_sdk/CMSIS/RTOS2/RTX/Source/rtx_evr.c:829:13:EvrRtxThreadJoined	16	static
/Users/misaelcastillo/curso-lse/trabajo_integrador/sdks/integrador_sdk/CMSIS/RTOS2/RTX/Source/rtx_evr.c:839:13:EvrRtxThreadBlocked	16	static
/Users/misaelcastillo/curso-lse/trabajo_integrador/sdks/integrador_sdk/CMSIS/RTOS2/RTX/Source/rtx_evr.c:850:13:EvrRtxThreadUnblocked	16	static
/Users/misaelcastillo/curso-lse/trabajo_integrador/sdks/integrador_sdk/CMSIS/RTOS2/RTX/Source/rtx_evr.c:861:13:EvrRtxThreadPreempted	16	static
/Users/misaelcastillo/curso-lse/trabajo_integrador/sdks/integrador_sdk/CMSIS/RTOS2/RTX/Source/rtx_evr.c:871:13:EvrRtxThreadSwitched	16	static
/Users/misaelcastillo/curso-lse/trabajo_integrador/sdks/integrador_sdk/CMSIS/RTOS2/RTX/Source/rtx_evr.c:881:13:EvrRtxThreadExit	8	static
/Users/misaelcastillo/curso-lse/trabajo_integrador/sdks/integrador_sdk/CMSIS/RTOS2/RTX/Source/rtx_evr.c:890:13:EvrRtxThreadTerminate	16	static
/Users/misaelcastillo/curso-lse/trabajo_integrador/sdks/integrador_sdk/CMSIS/RTOS2/RTX/Source/rtx_evr.c:900:13:EvrRtxThreadDestroyed	16	static
/Users/misaelcastillo/curso-lse/trabajo_integrador/sdks/integrador_sdk/CMSIS/RTOS2/RTX/Source/rtx_evr.c:910:13:EvrRtxThreadFeedWatchdog	16	static
/Users/misaelcastillo/curso-lse/trabajo_integrador/sdks/integrador_sdk/CMSIS/RTOS2/RTX/Source/rtx_evr.c:920:13:EvrRtxThreadFeedWatchdogDone	8	static
/Users/misaelcastillo/curso-lse/trabajo_integrador/sdks/integrador_sdk/CMSIS/RTOS2/RTX/Source/rtx_evr.c:928:13:EvrRtxThreadProtectPrivileged	8	static
/Users/misaelcastillo/curso-lse/trabajo_integrador/sdks/integrador_sdk/CMSIS/RTOS2/RTX/Source/rtx_evr.c:936:13:EvrRtxThreadPrivilegedProtected	8	static
/Users/misaelcastillo/curso-lse/trabajo_integrador/sdks/integrador_sdk/CMSIS/RTOS2/RTX/Source/rtx_evr.c:944:13:EvrRtxThreadGetCount	16	static
/Users/misaelcastillo/curso-lse/trabajo_integrador/sdks/integrador_sdk/CMSIS/RTOS2/RTX/Source/rtx_evr.c:954:13:EvrRtxThreadEnumerate	24	static
/Users/misaelcastillo/curso-lse/trabajo_integrador/sdks/integrador_sdk/CMSIS/RTOS2/RTX/Source/rtx_evr.c:966:13:EvrRtxThreadSuspendClass	16	static
/Users/misaelcastillo/curso-lse/trabajo_integrador/sdks/integrador_sdk/CMSIS/RTOS2/RTX/Source/rtx_evr.c:977:13:EvrRtxThreadResumeClass	16	static
/Users/misaelcastillo/curso-lse/trabajo_integrador/sdks/integrador_sdk/CMSIS/RTOS2/RTX/Source/rtx_evr.c:988:13:EvrRtxThreadTerminateZone	16	static
/Users/misaelcastillo/curso-lse/trabajo_integrador/sdks/integrador_sdk/CMSIS/RTOS2/RTX/Source/rtx_evr.c:998:13:EvrRtxThreadWatchdogExpired	16	static
/Users/misaelcastillo/curso-lse/trabajo_integrador/sdks/integrador_sdk/CMSIS/RTOS2/RTX/Source/rtx_evr.c:1011:13:EvrRtxThreadFlagsError	16	static
/Users/misaelcastillo/curso-lse/trabajo_integrador/sdks/integrador_sdk/CMSIS/RTOS2/RTX/Source/rtx_evr.c:1022:13:EvrRtxThreadFlagsSet	16	static
/Users/misaelcastillo/curso-lse/trabajo_integrador/sdks/integrador_sdk/CMSIS/RTOS2/RTX/Source/rtx_evr.c:1033:13:EvrRtxThreadFlagsSetDone	16	static
/Users/misaelcastillo/curso-lse/trabajo_integrador/sdks/integrador_sdk/CMSIS/RTOS2/RTX/Source/rtx_evr.c:1044:13:EvrRtxThreadFlagsClear	16	static
/Users/misaelcastillo/curso-lse/trabajo_integrador/sdks/integrador_sdk/CMSIS/RTOS2/RTX/Source/rtx_evr.c:1054:13:EvrRtxThreadFlagsClearDone	16	static
/Users/misaelcastillo/curso-lse/trabajo_integrador/sdks/integrador_sdk/CMSIS/RTOS2/RTX/Source/rtx_evr.c:1064:13:EvrRtxThreadFlagsGet	16	static
/Users/misaelcastillo/curso-lse/trabajo_integrador/sdks/integrador_sdk/CMSIS/RTOS2/RTX/Source/rtx_evr.c:1074:13:EvrRtxThreadFlagsWait	24	static
/Users/misaelcastillo/curso-lse/trabajo_integrador/sdks/integrador_sdk/CMSIS/RTOS2/RTX/Source/rtx_evr.c:1086:13:EvrRtxThreadFlagsWaitPending	24	static
/Users/misaelcastillo/curso-lse/trabajo_integrador/sdks/integrador_sdk/CMSIS/RTOS2/RTX/Source/rtx_evr.c:1098:13:EvrRtxThreadFlagsWaitTimeout	16	static
/Users/misaelcastillo/curso-lse/trabajo_integrador/sdks/integrador_sdk/CMSIS/RTOS2/RTX/Source/rtx_evr.c:1108:13:EvrRtxThreadFlagsWaitCompleted	24	static
/Users/misaelcastillo/curso-lse/trabajo_integrador/sdks/integrador_sdk/CMSIS/RTOS2/RTX/Source/rtx_evr.c:1121:13:EvrRtxThreadFlagsWaitNotCompleted	16	static
/Users/misaelcastillo/curso-lse/trabajo_integrador/sdks/integrador_sdk/CMSIS/RTOS2/RTX/Source/rtx_evr.c:1135:13:EvrRtxDelayError	16	static
/Users/misaelcastillo/curso-lse/trabajo_integrador/sdks/integrador_sdk/CMSIS/RTOS2/RTX/Source/rtx_evr.c:1146:13:EvrRtxDelay	16	static
/Users/misaelcastillo/curso-lse/trabajo_integrador/sdks/integrador_sdk/CMSIS/RTOS2/RTX/Source/rtx_evr.c:1156:13:EvrRtxDelayUntil	16	static
/Users/misaelcastillo/curso-lse/trabajo_integrador/sdks/integrador_sdk/CMSIS/RTOS2/RTX/Source/rtx_evr.c:1166:13:EvrRtxDelayStarted	16	static
/Users/misaelcastillo/curso-lse/trabajo_integrador/sdks/integrador_sdk/CMSIS/RTOS2/RTX/Source/rtx_evr.c:1176:13:EvrRtxDelayUntilStarted	16	static
/Users/misaelcastillo/curso-lse/trabajo_integrador/sdks/integrador_sdk/CMSIS/RTOS2/RTX/Source/rtx_evr.c:1186:13:EvrRtxDelayCompleted	16	static
/Users/misaelcastillo/curso-lse/trabajo_integrador/sdks/integrador_sdk/CMSIS/RTOS2/RTX/Source/rtx_evr.c:1199:13:EvrRtxTimerError	16	static
/Users/misaelcastillo/curso-lse/trabajo_integrador/sdks/integrador_sdk/CMSIS/RTOS2/RTX/Source/rtx_evr.c:1210:13:EvrRtxTimerCallback	16	static
/Users/misaelcastillo/curso-lse/trabajo_integrador/sdks/integrador_sdk/CMSIS/RTOS2/RTX/Source/rtx_evr.c:1221:13:EvrRtxTimerNew	24	static
/Users/misaelcastillo/curso-lse/trabajo_integrador/sdks/integrador_sdk/CMSIS/RTOS2/RTX/Source/rtx_evr.c:1234:13:EvrRtxTimerCreated	16	static
/Users/misaelcastillo/curso-lse/trabajo_integrador/sdks/integrador_sdk/CMSIS/RTOS2/RTX/Source/rtx_evr.c:1245:13:EvrRtxTimerGetName	16	static
/Users/misaelcastillo/curso-lse/trabajo_integrador/sdks/integrador_sdk/CMSIS/RTOS2/RTX/Source/rtx_evr.c:1256:13:EvrRtxTimerStart	16	static
/Users/misaelcastillo/curso-lse/trabajo_integrador/sdks/integrador_sdk/CMSIS/RTOS2/RTX/Source/rtx_evr.c:1267:13:EvrRtxTimerStarted	16	static
/Users/misaelcastillo/curso-lse/trabajo_integrador/sdks/integrador_sdk/CMSIS/RTOS2/RTX/Source/rtx_evr.c:1277:13:EvrRtxTimerStop	16	static
/Users/misaelcastillo/curso-lse/trabajo_integrador/sdks/integrador_sdk/CMSIS/RTOS2/RTX/Source/rtx_evr.c:1287:13:EvrRtxTimerStopped	16	static
/Users/misaelcastillo/curso-lse/trabajo_integrador/sdks/integrador_sdk/CMSIS/RTOS2/RTX/Source/rtx_evr.c:1297:13:EvrRtxTimerIsRunning	16	static
/Users/misaelcastillo/curso-lse/trabajo_integrador/sdks/integrador_sdk/CMSIS/RTOS2/RTX/Source/rtx_evr.c:1308:13:EvrRtxTimerDelete	16	static
/Users/misaelcastillo/curso-lse/trabajo_integrador/sdks/integrador_sdk/CMSIS/RTOS2/RTX/Source/rtx_evr.c:1318:13:EvrRtxTimerDestroyed	16	static
/Users/misaelcastillo/curso-lse/trabajo_integrador/sdks/integrador_sdk/CMSIS/RTOS2/RTX/Source/rtx_evr.c:1331:13:EvrRtxEventFlagsError	16	static
/Users/misaelcastillo/curso-lse/trabajo_integrador/sdks/integrador_sdk/CMSIS/RTOS2/RTX/Source/rtx_evr.c:1342:13:EvrRtxEventFlagsNew	16	static
/Users/misaelcastillo/curso-lse/trabajo_integrador/sdks/integrador_sdk/CMSIS/RTOS2/RTX/Source/rtx_evr.c:1352:13:EvrRtxEventFlagsCreated	16	static
/Users/misaelcastillo/curso-lse/trabajo_integrador/sdks/integrador_sdk/CMSIS/RTOS2/RTX/Source/rtx_evr.c:1363:13:EvrRtxEventFlagsGetName	16	static
/Users/misaelcastillo/curso-lse/trabajo_integrador/sdks/integrador_sdk/CMSIS/RTOS2/RTX/Source/rtx_evr.c:1374:13:EvrRtxEventFlagsSet	16	static
/Users/misaelcastillo/curso-lse/trabajo_integrador/sdks/integrador_sdk/CMSIS/RTOS2/RTX/Source/rtx_evr.c:1385:13:EvrRtxEventFlagsSetDone	16	static
/Users/misaelcastillo/curso-lse/trabajo_integrador/sdks/integrador_sdk/CMSIS/RTOS2/RTX/Source/rtx_evr.c:1396:13:EvrRtxEventFlagsClear	16	static
/Users/misaelcastillo/curso-lse/trabajo_integrador/sdks/integrador_sdk/CMSIS/RTOS2/RTX/Source/rtx_evr.c:1407:13:EvrRtxEventFlagsClearDone	16	static
/Users/misaelcastillo/curso-lse/trabajo_integrador/sdks/integrador_sdk/CMSIS/RTOS2/RTX/Source/rtx_evr.c:1418:13:EvrRtxEventFlagsGet	16	static
/Users/misaelcastillo/curso-lse/trabajo_integrador/sdks/integrador_sdk/CMSIS/RTOS2/RTX/Source/rtx_evr.c:1429:13:EvrRtxEventFlagsWait	24	static
/Users/misaelcastillo/curso-lse/trabajo_integrador/sdks/integrador_sdk/CMSIS/RTOS2/RTX/Source/rtx_evr.c:1442:13:EvrRtxEventFlagsWaitPending	24	static
/Users/misaelcastillo/curso-lse/trabajo_integrador/sdks/integrador_sdk/CMSIS/RTOS2/RTX/Source/rtx_evr.c:1455:13:EvrRtxEventFlagsWaitTimeout	16	static
/Users/misaelcastillo/curso-lse/trabajo_integrador/sdks/integrador_sdk/CMSIS/RTOS2/RTX/Source/rtx_evr.c:1465:13:EvrRtxEventFlagsWaitCompleted	24	static
/Users/misaelcastillo/curso-lse/trabajo_integrador/sdks/integrador_sdk/CMSIS/RTOS2/RTX/Source/rtx_evr.c:1478:13:EvrRtxEventFlagsWaitNotCompleted	24	static
/Users/misaelcastillo/curso-lse/trabajo_integrador/sdks/integrador_sdk/CMSIS/RTOS2/RTX/Source/rtx_evr.c:1490:13:EvrRtxEventFlagsDelete	16	static
/Users/misaelcastillo/curso-lse/trabajo_integrador/sdks/integrador_sdk/CMSIS/RTOS2/RTX/Source/rtx_evr.c:1500:13:EvrRtxEventFlagsDestroyed	16	static
/Users/misaelcastillo/curso-lse/trabajo_integrador/sdks/integrador_sdk/CMSIS/RTOS2/RTX/Source/rtx_evr.c:1513:13:EvrRtxMutexError	16	static
/Users/misaelcastillo/curso-lse/trabajo_integrador/sdks/integrador_sdk/CMSIS/RTOS2/RTX/Source/rtx_evr.c:1524:13:EvrRtxMutexNew	16	static
/Users/misaelcastillo/curso-lse/trabajo_integrador/sdks/integrador_sdk/CMSIS/RTOS2/RTX/Source/rtx_evr.c:1534:13:EvrRtxMutexCreated	16	static
/Users/misaelcastillo/curso-lse/trabajo_integrador/sdks/integrador_sdk/CMSIS/RTOS2/RTX/Source/rtx_evr.c:1545:13:EvrRtxMutexGetName	16	static
/Users/misaelcastillo/curso-lse/trabajo_integrador/sdks/integrador_sdk/CMSIS/RTOS2/RTX/Source/rtx_evr.c:1556:13:EvrRtxMutexAcquire	16	static
/Users/misaelcastillo/curso-lse/trabajo_integrador/sdks/integrador_sdk/CMSIS/RTOS2/RTX/Source/rtx_evr.c:1567:13:EvrRtxMutexAcquirePending	16	static
/Users/misaelcastillo/curso-lse/trabajo_integrador/sdks/integrador_sdk/CMSIS/RTOS2/RTX/Source/rtx_evr.c:1578:13:EvrRtxMutexAcquireTimeout	16	static
/Users/misaelcastillo/curso-lse/trabajo_integrador/sdks/integrador_sdk/CMSIS/RTOS2/RTX/Source/rtx_evr.c:1588:13:EvrRtxMutexAcquired	16	static
/Users/misaelcastillo/curso-lse/trabajo_integrador/sdks/integrador_sdk/CMSIS/RTOS2/RTX/Source/rtx_evr.c:1599:13:EvrRtxMutexNotAcquired	16	static
/Users/misaelcastillo/curso-lse/trabajo_integrador/sdks/integrador_sdk/CMSIS/RTOS2/RTX/Source/rtx_evr.c:1609:13:EvrRtxMutexRelease	16	static
/Users/misaelcastillo/curso-lse/trabajo_integrador/sdks/integrador_sdk/CMSIS/RTOS2/RTX/Source/rtx_evr.c:1619:13:EvrRtxMutexReleased	16	static
/Users/misaelcastillo/curso-lse/trabajo_integrador/sdks/integrador_sdk/CMSIS/RTOS2/RTX/Source/rtx_evr.c:1630:13:EvrRtxMutexGetOwner	16	static
/Users/misaelcastillo/curso-lse/trabajo_integrador/sdks/integrador_sdk/CMSIS/RTOS2/RTX/Source/rtx_evr.c:1641:13:EvrRtxMutexDelete	16	static
/Users/misaelcastillo/curso-lse/trabajo_integrador/sdks/integrador_sdk/CMSIS/RTOS2/RTX/Source/rtx_evr.c:1651:13:EvrRtxMutexDestroyed	16	static
/Users/misaelcastillo/curso-lse/trabajo_integrador/sdks/integrador_sdk/CMSIS/RTOS2/RTX/Source/rtx_evr.c:1664:13:EvrRtxSemaphoreError	16	static
/Users/misaelcastillo/curso-lse/trabajo_integrador/sdks/integrador_sdk/CMSIS/RTOS2/RTX/Source/rtx_evr.c:1675:13:EvrRtxSemaphoreNew	24	static
/Users/misaelcastillo/curso-lse/trabajo_integrador/sdks/integrador_sdk/CMSIS/RTOS2/RTX/Source/rtx_evr.c:1687:13:EvrRtxSemaphoreCreated	16	static
/Users/misaelcastillo/curso-lse/trabajo_integrador/sdks/integrador_sdk/CMSIS/RTOS2/RTX/Source/rtx_evr.c:1698:13:EvrRtxSemaphoreGetName	16	static
/Users/misaelcastillo/curso-lse/trabajo_integrador/sdks/integrador_sdk/CMSIS/RTOS2/RTX/Source/rtx_evr.c:1709:13:EvrRtxSemaphoreAcquire	16	static
/Users/misaelcastillo/curso-lse/trabajo_integrador/sdks/integrador_sdk/CMSIS/RTOS2/RTX/Source/rtx_evr.c:1720:13:EvrRtxSemaphoreAcquirePending	16	static
/Users/misaelcastillo/curso-lse/trabajo_integrador/sdks/integrador_sdk/CMSIS/RTOS2/RTX/Source/rtx_evr.c:1731:13:EvrRtxSemaphoreAcquireTimeout	16	static
/Users/misaelcastillo/curso-lse/trabajo_integrador/sdks/integrador_sdk/CMSIS/RTOS2/RTX/Source/rtx_evr.c:1741:13:EvrRtxSemaphoreAcquired	16	static
/Users/misaelcastillo/curso-lse/trabajo_integrador/sdks/integrador_sdk/CMSIS/RTOS2/RTX/Source/rtx_evr.c:1752:13:EvrRtxSemaphoreNotAcquired	16	static
/Users/misaelcastillo/curso-lse/trabajo_integrador/sdks/integrador_sdk/CMSIS/RTOS2/RTX/Source/rtx_evr.c:1762:13:EvrRtxSemaphoreRelease	16	static
/Users/misaelcastillo/curso-lse/trabajo_integrador/sdks/integrador_sdk/CMSIS/RTOS2/RTX/Source/rtx_evr.c:1772:13:EvrRtxSemaphoreReleased	16	static
/Users/misaelcastillo/curso-lse/trabajo_integrador/sdks/integrador_sdk/CMSIS/RTOS2/RTX/Source/rtx_evr.c:1783:13:EvrRtxSemaphoreGetCount	16	static
/Users/misaelcastillo/curso-lse/trabajo_integrador/sdks/integrador_sdk/CMSIS/RTOS2/RTX/Source/rtx_evr.c:1794:13:EvrRtxSemaphoreDelete	16	static
/Users/misaelcastillo/curso-lse/trabajo_integrador/sdks/integrador_sdk/CMSIS/RTOS2/RTX/Source/rtx_evr.c:1804:13:EvrRtxSemaphoreDestroyed	16	static
/Users/misaelcastillo/curso-lse/trabajo_integrador/sdks/integrador_sdk/CMSIS/RTOS2/RTX/Source/rtx_evr.c:1817:13:EvrRtxMemoryPoolError	16	static
/Users/misaelcastillo/curso-lse/trabajo_integrador/sdks/integrador_sdk/CMSIS/RTOS2/RTX/Source/rtx_evr.c:1828:13:EvrRtxMemoryPoolNew	24	static
/Users/misaelcastillo/curso-lse/trabajo_integrador/sdks/integrador_sdk/CMSIS/RTOS2/RTX/Source/rtx_evr.c:1840:13:EvrRtxMemoryPoolCreated	16	static
/Users/misaelcastillo/curso-lse/trabajo_integrador/sdks/integrador_sdk/CMSIS/RTOS2/RTX/Source/rtx_evr.c:1851:13:EvrRtxMemoryPoolGetName	16	static
/Users/misaelcastillo/curso-lse/trabajo_integrador/sdks/integrador_sdk/CMSIS/RTOS2/RTX/Source/rtx_evr.c:1862:13:EvrRtxMemoryPoolAlloc	16	static
/Users/misaelcastillo/curso-lse/trabajo_integrador/sdks/integrador_sdk/CMSIS/RTOS2/RTX/Source/rtx_evr.c:1873:13:EvrRtxMemoryPoolAllocPending	16	static
/Users/misaelcastillo/curso-lse/trabajo_integrador/sdks/integrador_sdk/CMSIS/RTOS2/RTX/Source/rtx_evr.c:1884:13:EvrRtxMemoryPoolAllocTimeout	16	static
/Users/misaelcastillo/curso-lse/trabajo_integrador/sdks/integrador_sdk/CMSIS/RTOS2/RTX/Source/rtx_evr.c:1894:13:EvrRtxMemoryPoolAllocated	16	static
/Users/misaelcastillo/curso-lse/trabajo_integrador/sdks/integrador_sdk/CMSIS/RTOS2/RTX/Source/rtx_evr.c:1905:13:EvrRtxMemoryPoolAllocFailed	16	static
/Users/misaelcastillo/curso-lse/trabajo_integrador/sdks/integrador_sdk/CMSIS/RTOS2/RTX/Source/rtx_evr.c:1915:13:EvrRtxMemoryPoolFree	16	static
/Users/misaelcastillo/curso-lse/trabajo_integrador/sdks/integrador_sdk/CMSIS/RTOS2/RTX/Source/rtx_evr.c:1926:13:EvrRtxMemoryPoolDeallocated	16	static
/Users/misaelcastillo/curso-lse/trabajo_integrador/sdks/integrador_sdk/CMSIS/RTOS2/RTX/Source/rtx_evr.c:1937:13:EvrRtxMemoryPoolFreeFailed	16	static
/Users/misaelcastillo/curso-lse/trabajo_integrador/sdks/integrador_sdk/CMSIS/RTOS2/RTX/Source/rtx_evr.c:1948:13:EvrRtxMemoryPoolGetCapacity	16	static
/Users/misaelcastillo/curso-lse/trabajo_integrador/sdks/integrador_sdk/CMSIS/RTOS2/RTX/Source/rtx_evr.c:1959:13:EvrRtxMemoryPoolGetBlockSize	16	static
/Users/misaelcastillo/curso-lse/trabajo_integrador/sdks/integrador_sdk/CMSIS/RTOS2/RTX/Source/rtx_evr.c:1970:13:EvrRtxMemoryPoolGetCount	16	static
/Users/misaelcastillo/curso-lse/trabajo_integrador/sdks/integrador_sdk/CMSIS/RTOS2/RTX/Source/rtx_evr.c:1981:13:EvrRtxMemoryPoolGetSpace	16	static
/Users/misaelcastillo/curso-lse/trabajo_integrador/sdks/integrador_sdk/CMSIS/RTOS2/RTX/Source/rtx_evr.c:1992:13:EvrRtxMemoryPoolDelete	16	static
/Users/misaelcastillo/curso-lse/trabajo_integrador/sdks/integrador_sdk/CMSIS/RTOS2/RTX/Source/rtx_evr.c:2002:13:EvrRtxMemoryPoolDestroyed	16	static
/Users/misaelcastillo/curso-lse/trabajo_integrador/sdks/integrador_sdk/CMSIS/RTOS2/RTX/Source/rtx_evr.c:2015:13:EvrRtxMessageQueueError	16	static
/Users/misaelcastillo/curso-lse/trabajo_integrador/sdks/integrador_sdk/CMSIS/RTOS2/RTX/Source/rtx_evr.c:2026:13:EvrRtxMessageQueueNew	24	static
/Users/misaelcastillo/curso-lse/trabajo_integrador/sdks/integrador_sdk/CMSIS/RTOS2/RTX/Source/rtx_evr.c:2038:13:EvrRtxMessageQueueCreated	16	static
/Users/misaelcastillo/curso-lse/trabajo_integrador/sdks/integrador_sdk/CMSIS/RTOS2/RTX/Source/rtx_evr.c:2049:13:EvrRtxMessageQueueGetName	16	static
/Users/misaelcastillo/curso-lse/trabajo_integrador/sdks/integrador_sdk/CMSIS/RTOS2/RTX/Source/rtx_evr.c:2060:13:EvrRtxMessageQueuePut	24	static
/Users/misaelcastillo/curso-lse/trabajo_integrador/sdks/integrador_sdk/CMSIS/RTOS2/RTX/Source/rtx_evr.c:2073:13:EvrRtxMessageQueuePutPending	24	static
/Users/misaelcastillo/curso-lse/trabajo_integrador/sdks/integrador_sdk/CMSIS/RTOS2/RTX/Source/rtx_evr.c:2085:13:EvrRtxMessageQueuePutTimeout	16	static
/Users/misaelcastillo/curso-lse/trabajo_integrador/sdks/integrador_sdk/CMSIS/RTOS2/RTX/Source/rtx_evr.c:2095:13:EvrRtxMessageQueueInsertPending	16	static
/Users/misaelcastillo/curso-lse/trabajo_integrador/sdks/integrador_sdk/CMSIS/RTOS2/RTX/Source/rtx_evr.c:2106:13:EvrRtxMessageQueueInserted	16	static
/Users/misaelcastillo/curso-lse/trabajo_integrador/sdks/integrador_sdk/CMSIS/RTOS2/RTX/Source/rtx_evr.c:2117:13:EvrRtxMessageQueueNotInserted	16	static
/Users/misaelcastillo/curso-lse/trabajo_integrador/sdks/integrador_sdk/CMSIS/RTOS2/RTX/Source/rtx_evr.c:2128:13:EvrRtxMessageQueueGet	24	static
/Users/misaelcastillo/curso-lse/trabajo_integrador/sdks/integrador_sdk/CMSIS/RTOS2/RTX/Source/rtx_evr.c:2141:13:EvrRtxMessageQueueGetPending	24	static
/Users/misaelcastillo/curso-lse/trabajo_integrador/sdks/integrador_sdk/CMSIS/RTOS2/RTX/Source/rtx_evr.c:2153:13:EvrRtxMessageQueueGetTimeout	16	static
/Users/misaelcastillo/curso-lse/trabajo_integrador/sdks/integrador_sdk/CMSIS/RTOS2/RTX/Source/rtx_evr.c:2163:13:EvrRtxMessageQueueRetrieved	16	static
/Users/misaelcastillo/curso-lse/trabajo_integrador/sdks/integrador_sdk/CMSIS/RTOS2/RTX/Source/rtx_evr.c:2174:13:EvrRtxMessageQueueNotRetrieved	16	static
/Users/misaelcastillo/curso-lse/trabajo_integrador/sdks/integrador_sdk/CMSIS/RTOS2/RTX/Source/rtx_evr.c:2185:13:EvrRtxMessageQueueGetCapacity	16	static
/Users/misaelcastillo/curso-lse/trabajo_integrador/sdks/integrador_sdk/CMSIS/RTOS2/RTX/Source/rtx_evr.c:2196:13:EvrRtxMessageQueueGetMsgSize	16	static
/Users/misaelcastillo/curso-lse/trabajo_integrador/sdks/integrador_sdk/CMSIS/RTOS2/RTX/Source/rtx_evr.c:2207:13:EvrRtxMessageQueueGetCount	16	static
/Users/misaelcastillo/curso-lse/trabajo_integrador/sdks/integrador_sdk/CMSIS/RTOS2/RTX/Source/rtx_evr.c:2218:13:EvrRtxMessageQueueGetSpace	16	static
/Users/misaelcastillo/curso-lse/trabajo_integrador/sdks/integrador_sdk/CMSIS/RTOS2/RTX/Source/rtx_evr.c:2229:13:EvrRtxMessageQueueReset	16	static
/Users/misaelcastillo/curso-lse/trabajo_integrador/sdks/integrador_sdk/CMSIS/RTOS2/RTX/Source/rtx_evr.c:2239:13:EvrRtxMessageQueueResetDone	16	static
/Users/misaelcastillo/curso-lse/trabajo_integrador/sdks/integrador_sdk/CMSIS/RTOS2/RTX/Source/rtx_evr.c:2249:13:EvrRtxMessageQueueDelete	16	static
/Users/misaelcastillo/curso-lse/trabajo_integrador/sdks/integrador_sdk/CMSIS/RTOS2/RTX/Source/rtx_evr.c:2259:13:EvrRtxMessageQueueDestroyed	16	static
