/Users/misaelcastillo/curso-lse/trabajo_integrador/sdks/integrador_sdk/devices/LPC845/drivers/./fsl_gpio.h:153:20:GPIO_PinWrite	24	static
/Users/misaelcastillo/curso-lse/trabajo_integrador/sdks/integrador_sdk/devices/LPC845/drivers/./fsl_gpio.h:172:24:GPIO_PinRead	24	static
/Users/misaelcastillo/curso-lse/trabajo_integrador/sdks/integrador_sdk/devices/LPC845/drivers/./fsl_gpio.h:210:20:GPIO_PortToggle	24	static
/Users/misaelcastillo/curso-lse/trabajo_integrador/sdks/integrador_sdk/devices/LPC845/drivers/./fsl_adc.h:497:20:ADC_DoSoftwareTriggerConvSeqA	16	static
/Users/misaelcastillo/curso-lse/trabajo_integrador/integrador/wrappers.h:44:20:wrapper_gpio_init	16	static
/Users/misaelcastillo/curso-lse/trabajo_integrador/integrador/wrappers.h:53:20:wrapper_btn_get	24	static
/Users/misaelcastillo/curso-lse/trabajo_integrador/integrador/wrappers.h:63:20:wrapper_output_init	40	static
/Users/misaelcastillo/curso-lse/trabajo_integrador/integrador/wrappers.h:73:24:wrapper_gpio_get_port	24	static
/Users/misaelcastillo/curso-lse/trabajo_integrador/integrador/wrappers.h:83:24:wrapper_gpio_get_pin	24	static
/Users/misaelcastillo/curso-lse/trabajo_integrador/integrador/wrappers.h:92:20:wrapper_output_toggle	32	static
/Users/misaelcastillo/curso-lse/trabajo_integrador/integrador/wrappers.h:100:20:wrapper_display_off	8	static
/Users/misaelcastillo/curso-lse/trabajo_integrador/integrador/wrappers.h:110:20:wrapper_display_on	24	static
/Users/misaelcastillo/curso-lse/trabajo_integrador/integrador/app_tasks.h:69:20:wrapper_btn_get_with_debouncing_with_pull_up	24	static
/Users/misaelcastillo/curso-lse/trabajo_integrador/integrador/app_tasks.c:26:6:task_init	64	static
/Users/misaelcastillo/curso-lse/trabajo_integrador/integrador/app_tasks.c:71:6:task_adc	16	static
/Users/misaelcastillo/curso-lse/trabajo_integrador/integrador/app_tasks.c:84:6:task_display	64	static
/Users/misaelcastillo/curso-lse/trabajo_integrador/integrador/app_tasks.c:111:6:task_pwm	32	static
/Users/misaelcastillo/curso-lse/trabajo_integrador/integrador/app_tasks.c:132:6:task_ledrgb	32	static
/Users/misaelcastillo/curso-lse/trabajo_integrador/integrador/app_tasks.c:160:6:task_bh1750	32	static
/Users/misaelcastillo/curso-lse/trabajo_integrador/integrador/app_tasks.c:179:6:task_display_change	32	static
/Users/misaelcastillo/curso-lse/trabajo_integrador/integrador/app_tasks.c:193:6:task_userbtn	16	static
/Users/misaelcastillo/curso-lse/trabajo_integrador/integrador/app_tasks.c:211:6:task_buzzer	48	static
/Users/misaelcastillo/curso-lse/trabajo_integrador/integrador/app_tasks.c:241:6:task_cnt_bt	56	static
/Users/misaelcastillo/curso-lse/trabajo_integrador/integrador/app_tasks.c:265:6:task_ShowValues	56	static
