Archive member included to satisfy reference by file (symbol)

/Applications/MCUXpressoIDE_24.12.148/ide/plugins/com.nxp.mcuxpresso.tools.macosx_24.12.0.202407110909/tools/bin/../lib/gcc/arm-none-eabi/13.2.1/thumb/v6-m/nofp/libgcc.a(_udivsi3.o)
                              CMakeFiles/new_project.elf.dir/Users/misaelcastillo/curso-lse/trabajo_integrador/integrador/app_tasks.c.obj (__aeabi_uidiv)
/Applications/MCUXpressoIDE_24.12.148/ide/plugins/com.nxp.mcuxpresso.tools.macosx_24.12.0.202407110909/tools/bin/../lib/gcc/arm-none-eabi/13.2.1/thumb/v6-m/nofp/libgcc.a(_divsi3.o)
                              CMakeFiles/new_project.elf.dir/Users/misaelcastillo/curso-lse/trabajo_integrador/integrador/app_tasks.c.obj (__aeabi_idiv)
/Applications/MCUXpressoIDE_24.12.148/ide/plugins/com.nxp.mcuxpresso.tools.macosx_24.12.0.202407110909/tools/bin/../lib/gcc/arm-none-eabi/13.2.1/thumb/v6-m/nofp/libgcc.a(_dvmd_tls.o)
                              /Applications/MCUXpressoIDE_24.12.148/ide/plugins/com.nxp.mcuxpresso.tools.macosx_24.12.0.202407110909/tools/bin/../lib/gcc/arm-none-eabi/13.2.1/thumb/v6-m/nofp/libgcc.a(_udivsi3.o) (__aeabi_idiv0)
/Applications/MCUXpressoIDE_24.12.148/ide/plugins/com.nxp.mcuxpresso.tools.macosx_24.12.0.202407110909/tools/bin/../lib/gcc/arm-none-eabi/13.2.1/thumb/v6-m/nofp/libgcc.a(_aeabi_uldivmod.o)
                              CMakeFiles/new_project.elf.dir/Users/misaelcastillo/curso-lse/trabajo_integrador/sdks/integrador_sdk/devices/LPC845/drivers/fsl_clock.c.obj (__aeabi_uldivmod)
/Applications/MCUXpressoIDE_24.12.148/ide/plugins/com.nxp.mcuxpresso.tools.macosx_24.12.0.202407110909/tools/bin/../lib/gcc/arm-none-eabi/13.2.1/thumb/v6-m/nofp/libgcc.a(_muldi3.o)
                              CMakeFiles/new_project.elf.dir/Users/misaelcastillo/curso-lse/trabajo_integrador/sdks/integrador_sdk/devices/LPC845/drivers/fsl_common_arm.c.obj (__aeabi_lmul)
/Applications/MCUXpressoIDE_24.12.148/ide/plugins/com.nxp.mcuxpresso.tools.macosx_24.12.0.202407110909/tools/bin/../lib/gcc/arm-none-eabi/13.2.1/thumb/v6-m/nofp/libgcc.a(_fixunssfsi.o)
                              CMakeFiles/new_project.elf.dir/Users/misaelcastillo/curso-lse/trabajo_integrador/integrador/app_tasks.c.obj (__aeabi_f2uiz)
/Applications/MCUXpressoIDE_24.12.148/ide/plugins/com.nxp.mcuxpresso.tools.macosx_24.12.0.202407110909/tools/bin/../lib/gcc/arm-none-eabi/13.2.1/thumb/v6-m/nofp/libgcc.a(_fixunsdfsi.o)
                              CMakeFiles/new_project.elf.dir/Users/misaelcastillo/curso-lse/trabajo_integrador/integrador/app_tasks.c.obj (__aeabi_d2uiz)
/Applications/MCUXpressoIDE_24.12.148/ide/plugins/com.nxp.mcuxpresso.tools.macosx_24.12.0.202407110909/tools/bin/../lib/gcc/arm-none-eabi/13.2.1/thumb/v6-m/nofp/libgcc.a(_udivmoddi4.o)
                              /Applications/MCUXpressoIDE_24.12.148/ide/plugins/com.nxp.mcuxpresso.tools.macosx_24.12.0.202407110909/tools/bin/../lib/gcc/arm-none-eabi/13.2.1/thumb/v6-m/nofp/libgcc.a(_aeabi_uldivmod.o) (__udivmoddi4)
/Applications/MCUXpressoIDE_24.12.148/ide/plugins/com.nxp.mcuxpresso.tools.macosx_24.12.0.202407110909/tools/bin/../lib/gcc/arm-none-eabi/13.2.1/thumb/v6-m/nofp/libgcc.a(subsf3.o)
                              /Applications/MCUXpressoIDE_24.12.148/ide/plugins/com.nxp.mcuxpresso.tools.macosx_24.12.0.202407110909/tools/bin/../lib/gcc/arm-none-eabi/13.2.1/thumb/v6-m/nofp/libgcc.a(_fixunssfsi.o) (__aeabi_fsub)
/Applications/MCUXpressoIDE_24.12.148/ide/plugins/com.nxp.mcuxpresso.tools.macosx_24.12.0.202407110909/tools/bin/../lib/gcc/arm-none-eabi/13.2.1/thumb/v6-m/nofp/libgcc.a(fixsfsi.o)
                              /Applications/MCUXpressoIDE_24.12.148/ide/plugins/com.nxp.mcuxpresso.tools.macosx_24.12.0.202407110909/tools/bin/../lib/gcc/arm-none-eabi/13.2.1/thumb/v6-m/nofp/libgcc.a(_fixunssfsi.o) (__aeabi_f2iz)
/Applications/MCUXpressoIDE_24.12.148/ide/plugins/com.nxp.mcuxpresso.tools.macosx_24.12.0.202407110909/tools/bin/../lib/gcc/arm-none-eabi/13.2.1/thumb/v6-m/nofp/libgcc.a(divdf3.o)
                              CMakeFiles/new_project.elf.dir/Users/misaelcastillo/curso-lse/trabajo_integrador/integrador/app_tasks.c.obj (__aeabi_ddiv)
/Applications/MCUXpressoIDE_24.12.148/ide/plugins/com.nxp.mcuxpresso.tools.macosx_24.12.0.202407110909/tools/bin/../lib/gcc/arm-none-eabi/13.2.1/thumb/v6-m/nofp/libgcc.a(muldf3.o)
                              CMakeFiles/new_project.elf.dir/Users/misaelcastillo/curso-lse/trabajo_integrador/integrador/app_tasks.c.obj (__aeabi_dmul)
/Applications/MCUXpressoIDE_24.12.148/ide/plugins/com.nxp.mcuxpresso.tools.macosx_24.12.0.202407110909/tools/bin/../lib/gcc/arm-none-eabi/13.2.1/thumb/v6-m/nofp/libgcc.a(subdf3.o)
                              CMakeFiles/new_project.elf.dir/Users/misaelcastillo/curso-lse/trabajo_integrador/integrador/app_tasks.c.obj (__aeabi_dsub)
/Applications/MCUXpressoIDE_24.12.148/ide/plugins/com.nxp.mcuxpresso.tools.macosx_24.12.0.202407110909/tools/bin/../lib/gcc/arm-none-eabi/13.2.1/thumb/v6-m/nofp/libgcc.a(fixdfsi.o)
[...]
Memory Configuration

Name             Origin             Length             Attributes
m_interrupts     0x00000000         0x00000200         xr
m_crp            0x000002fc         0x00000004         xr
m_text           0x00000300         0x0000fd00         xr
m_data           0x10000000         0x00003fe0         rw
*default*        0x00000000         0xffffffff

Linker script and memory map

LOAD /Applications/MCUXpressoIDE_24.12.148/ide/plugins/com.nxp.mcuxpresso.tools.macosx_24.12.0.202407110909/tools/bin/../lib/gcc/arm-none-eabi/13.2.1/thumb/v6-m/nofp/crti.o
LOAD /Applications/MCUXpressoIDE_24.12.148/ide/plugins/com.nxp.mcuxpresso.tools.macosx_24.12.0.202407110909/tools/bin/../lib/gcc/arm-none-eabi/13.2.1/thumb/v6-m/nofp/crtbegin.o
LOAD /Applications/MCUXpressoIDE_24.12.148/ide/plugins/com.nxp.mcuxpresso.tools.macosx_24.12.0.202407110909/tools/bin/../lib/gcc/arm-none-eabi/13.2.1/../../../../arm-none-eabi/lib/thumb/v6-m/nofp/crt0.o
LOAD CMakeFiles/new_project.elf.dir/Users/misaelcastillo/curso-lse/trabajo_integrador/integrador/main.c.obj
LOAD CMakeFiles/new_project.elf.dir/Users/misaelcastillo/curso-lse/trabajo_integrador/integrador/board.c.obj
LOAD CMakeFiles/new_project.elf.dir/Users/misaelcastillo/curso-lse/trabajo_integrador/integrador/clock_config.c.obj
LOAD CMakeFiles/new_project.elf.dir/Users/misaelcastillo/curso-lse/trabajo_integrador/integrador/app_tasks.c.obj
LOAD CMakeFiles/new_project.elf.dir/Users/misaelcastillo/curso-lse/trabajo_integrador/integrador/isr.c.obj
LOAD CMakeFiles/new_project.elf.dir/Users/misaelcastillo/curso-lse/trabajo_integrador/integrador/wrappers.c.obj
LOAD CMakeFiles/new_project.elf.dir/Users/misaelcastillo/curso-lse/trabajo_integrador/sdks/integrador_sdk/components/uart/fsl_adapter_miniusart.c.obj
LOAD CMakeFiles/new_project.elf.dir/Users/misaelcastillo/curso-lse/trabajo_integrador/sdks/integrador_sdk/devices/LPC845/gcc/startup_LPC845.S.obj
LOAD CMakeFiles/new_project.elf.dir/Users/misaelcastillo/curso-lse/trabajo_integrador/sdks/integrador_sdk/devices/LPC845/system_LPC845.c.obj
LOAD CMakeFiles/new_project.elf.dir/Users/misaelcastillo/curso-lse/trabajo_integrador/sdks/integrador_sdk/devices/LPC845/drivers/fsl_capt.c.obj
LOAD CMakeFiles/new_project.elf.dir/Users/misaelcastillo/curso-lse/trabajo_integrador/sdks/integrador_sdk/devices/LPC845/drivers/fsl_clock.c.obj
LOAD CMakeFiles/new_project.elf.dir/Users/misaelcastillo/curso-lse/trabajo_integrador/sdks/integrador_sdk/devices/LPC845/drivers/fsl_common.c.obj
LOAD CMakeFiles/new_project.elf.dir/Users/misaelcastillo/curso-lse/trabajo_integrador/sdks/integrador_sdk/devices/LPC845/drivers/fsl_common_arm.c.obj
LOAD CMakeFiles/new_project.elf.dir/Users/misaelcastillo/curso-lse/trabajo_integrador/sdks/integrador_sdk/devices/LPC845/drivers/fsl_inputmux.c.obj
LOAD CMakeFiles/new_project.elf.dir/Users/misaelcastillo/curso-lse/trabajo_integrador/sdks/integrador_sdk/devices/LPC845/drivers/fsl_adc.c.obj
LOAD CMakeFiles/new_project.elf.dir/Users/misaelcastillo/curso-lse/trabajo_integrador/sdks/integrador_sdk/devices/LPC845/drivers/fsl_gpio.c.obj
LOAD CMakeFiles/new_project.elf.dir/Users/misaelcastillo/curso-lse/trabajo_integrador/sdks/integrador_sdk/devices/LPC845/drivers/fsl_i2c.c.obj
LOAD CMakeFiles/new_project.elf.dir/Users/misaelcastillo/curso-lse/trabajo_integrador/sdks/integrador_sdk/devices/LPC845/drivers/fsl_usart.c.obj
LOAD CMakeFiles/new_project.elf.dir/Users/misaelcastillo/curso-lse/trabajo_integrador/sdks/integrador_sdk/devices/LPC845/drivers/fsl_pint.c.obj
LOAD CMakeFiles/new_project.elf.dir/Users/misaelcastillo/curso-lse/trabajo_integrador/sdks/integrador_sdk/devices/LPC845/drivers/fsl_power.c.obj
LOAD CMakeFiles/new_project.elf.dir/Users/misaelcastillo/curso-lse/trabajo_integrador/sdks/integrador_sdk/devices/LPC845/drivers/fsl_reset.c.obj
LOAD CMakeFiles/new_project.elf.dir/Users/misaelcastillo/curso-lse/trabajo_integrador/sdks/integrador_sdk/devices/LPC845/drivers/fsl_sctimer.c.obj
LOAD CMakeFiles/new_project.elf.dir/Users/misaelcastillo/curso-lse/trabajo_integrador/sdks/integrador_sdk/devices/LPC845/drivers/fsl_swm.c.obj
LOAD CMakeFiles/new_project.elf.dir/Users/misaelcastillo/curso-lse/trabajo_integrador/sdks/integrador_sdk/devices/LPC845/drivers/fsl_syscon.c.obj
LOAD CMakeFiles/new_project.elf.dir/Users/misaelcastillo/curso-lse/trabajo_integrador/sdks/integrador_sdk/devices/LPC845/utilities/fsl_syscall_stub.c.obj
LOAD CMakeFiles/new_project.elf.dir/Users/misaelcastillo/curso-lse/trabajo_integrador/sdks/integrador_sdk/devices/LPC845/utilities/fsl_sbrk.c.obj
LOAD CMakeFiles/new_project.elf.dir/Users/misaelcastillo/curso-lse/trabajo_integrador/sdks/integrador_sdk/devices/LPC845/utilities/debug_console_lite/fsl_assert.c.obj
LOAD CMakeFiles/new_project.elf.dir/Users/misaelcastillo/curso-lse/trabajo_integrador/sdks/integrador_sdk/devices/LPC845/utilities/debug_console_lite/fsl_debug_console.c.obj
LOAD CMakeFiles/new_project.elf.dir/Users/misaelcastillo/curso-lse/trabajo_integrador/sdks/integrador_sdk/devices/LPC845/utilities/str/fsl_str.c.obj
START GROUP
LOAD /Applications/MCUXpressoIDE_24.12.148/ide/plugins/com.nxp.mcuxpresso.tools.macosx_24.12.0.202407110909/tools/bin/../lib/gcc/arm-none-eabi/13.2.1/thumb/v6-m/nofp/libgcc.a
LOAD /Applications/MCUXpressoIDE_24.12.148/ide/plugins/com.nxp.mcuxpresso.tools.macosx_24.12.0.202407110909/tools/bin/../lib/gcc/arm-none-eabi/13.2.1/../../../../arm-none-eabi/lib/thumb/v6-m/nofp/libc_nano.a
LOAD /Applications/MCUXpressoIDE_24.12.148/ide/plugins/com.nxp.mcuxpresso.tools.macosx_24.12.0.202407110909/tools/bin/../lib/gcc/arm-none-eabi/13.2.1/../../../../arm-none-eabi/lib/thumb/v6-m/nofp/libm.a
LOAD /Applications/MCUXpressoIDE_24.12.148/ide/plugins/com.nxp.mcuxpresso.tools.macosx_24.12.0.202407110909/tools/bin/../lib/gcc/arm-none-eabi/13.2.1/../../../../arm-none-eabi/lib/thumb/v6-m/nofp/libcr_newlib_nohost.a
LOAD freertos/libfreertos.a
END GROUP
START GROUP
LOAD /Applications/MCUXpressoIDE_24.12.148/ide/plugins/com.nxp.mcuxpresso.tools.macosx_24.12.0.202407110909/tools/bin/../lib/gcc/arm-none-eabi/13.2.1/thumb/v6-m/nofp/libgcc.a
LOAD /Applications/MCUXpressoIDE_24.12.148/ide/plugins/com.nxp.mcuxpresso.tools.macosx_24.12.0.202407110909/tools/bin/../lib/gcc/arm-none-eabi/13.2.1/../../../../arm-none-eabi/lib/thumb/v6-m/nofp/libg_nano.a
LOAD /Applications/MCUXpressoIDE_24.12.148/ide/plugins/com.nxp.mcuxpresso.tools.macosx_24.12.0.202407110909/tools/bin/../lib/gcc/arm-none-eabi/13.2.1/../../../../arm-none-eabi/lib/thumb/v6-m/nofp/libc_nano.a
END GROUP
START GROUP
LOAD /Applications/MCUXpressoIDE_24.12.148/ide/plugins/com.nxp.mcuxpresso.tools.macosx_24.12.0.202407110909/tools/bin/../lib/gcc/arm-none-eabi/13.2.1/thumb/v6-m/nofp/libgcc.a
LOAD /Applications/MCUXpressoIDE_24.12.148/ide/plugins/com.nxp.mcuxpresso.tools.macosx_24.12.0.202407110909/tools/bin/../lib/gcc/arm-none-eabi/13.2.1/../../../../arm-none-eabi/lib/thumb/v6-m/nofp/libc_nano.a
LOAD /Applications/MCUXpressoIDE_24.12.148/ide/plugins/com.nxp.mcuxpresso.tools.macosx_24.12.0.202407110909/tools/bin/../lib/gcc/arm-none-eabi/13.2.1/../../../../arm-none-eabi/lib/thumb/v6-m/nofp/libnosys.a
END GROUP
START GROUP
LOAD /Applications/MCUXpressoIDE_24.12.148/ide/plugins/com.nxp.mcuxpresso.tools.macosx_24.12.0.202407110909/tools/bin/../lib/gcc/arm-none-eabi/13.2.1/thumb/v6-m/nofp/libgcc.a
LOAD /Applications/MCUXpressoIDE_24.12.148/ide/plugins/com.nxp.mcuxpresso.tools.macosx_24.12.0.202407110909/tools/bin/../lib/gcc/arm-none-eabi/13.2.1/../../../../arm-none-eabi/lib/thumb/v6-m/nofp/libc_nano.a
LOAD /Applications/MCUXpressoIDE_24.12.148/ide/plugins/com.nxp.mcuxpresso.tools.macosx_24.12.0.202407110909/tools/bin/../lib/gcc/arm-none-eabi/13.2.1/../../../../arm-none-eabi/lib/thumb/v6-m/nofp/libnosys.a
END GROUP
LOAD /Applications/MCUXpressoIDE_24.12.148/ide/plugins/com.nxp.mcuxpresso.tools.macosx_24.12.0.202407110909/tools/bin/../lib/gcc/arm-none-eabi/13.2.1/thumb/v6-m/nofp/crtend.o
LOAD /Applications/MCUXpressoIDE_24.12.148/ide/plugins/com.nxp.mcuxpresso.tools.macosx_24.12.0.202407110909/tools/bin/../lib/gcc/arm-none-eabi/13.2.1/thumb/v6-m/nofp/crtn.o
                0x00000400                        HEAP_SIZE = DEFINED (__heap_size__)?__heap_size__:0x400
                0x00000800                        STACK_SIZE = DEFINED (__stack_size__)?__stack_size__:0x800
                0xefffb4f9                        __valid_user_code_checksum = (0x0 - ((((__StackTop + Reset_Handler) + NMI_Handler) + HardFault_Handler) + 0x3))

.interrupts     0x00000000       0xc0
                0x00000000                        . = ALIGN (0x4)
 *(.isr_vector)
 .isr_vector    0x00000000       0xc0 CMakeFiles/new_project.elf.dir/Users/misaelcastillo/curso-lse/trabajo_integrador/sdks/integrador_sdk/devices/LPC845/gcc/startup_LPC845.S.obj
                0x00000000                __Vectors
                0x000000c0                        . = ALIGN (0x4)

.crp            0x000002fc        0x4
                0x000002fc                        . = ALIGN (0x4)
 *(.crp)
 .crp           0x000002fc        0x4 CMakeFiles/new_project.elf.dir/Users/misaelcastillo/curso-lse/trabajo_integrador/sdks/integrador_sdk/devices/LPC845/gcc/startup_LPC845.S.obj
                0x00000300                        . = ALIGN (0x4)

.text           0x00000300     0xa928
                0x00000300                        . = ALIGN (0x4)
 *(.text)
 .text          0x00000300       0x80 /Applications/MCUXpressoIDE_24.12.148/ide/plugins/com.nxp.mcuxpresso.tools.macosx_24.12.0.202407110909/tools/bin/../lib/gcc/arm-none-eabi/13.2.1/../../../../arm-none-eabi/lib/thumb/v6-m/nofp/crt0.o
                0x00000300                _stack_init
                0x0000030c                _mainCRTStartup
                0x0000030c                _start
 .text          0x00000380      0x17c CMakeFiles/new_project.elf.dir/Users/misaelcastillo/curso-lse/trabajo_integrador/sdks/integrador_sdk/devices/LPC845/gcc/startup_LPC845.S.obj
                0x00000380                Reset_Handler
                0x000003cc                ADC0_OVR_DriverIRQHandler
                0x000003cc                PIN_INT5_DAC1_DriverIRQHandler
                0x000003cc                DMA0_DriverIRQHandler
                0x000003cc                SPI1_DriverIRQHandler
                0x000003cc                I2C3_DriverIRQHandler
                0x000003cc                DefaultISR
                0x000003cc                WKT_DriverIRQHandler
                0x000003cc                DAC0_DriverIRQHandler
                0x000003cc                MRT0_DriverIRQHandler
                0x000003cc                CMP_CAPT_DriverIRQHandler
                0x000003cc                ADC0_THCMP_DriverIRQHandler
                0x000003cc                Reserved22_DriverIRQHandler
                0x000003cc                FLASH_DriverIRQHandler
                0x000003cc                ADC0_SEQB_DriverIRQHandler
                0x000003cc                CTIMER0_DriverIRQHandler
                0x000003cc                WDT_DriverIRQHandler
                0x000003cc                BOD_DriverIRQHandler
                0x000003cc                ADC0_SEQA_DriverIRQHandler
                0x000003cc                SPI0_DriverIRQHandler
                0x000003d0                NMI_Handler
                0x000003d4                HardFault_Handler
                0x000003e4                SPI0_IRQHandler
                0x000003e8                SPI1_IRQHandler
                0x000003ec                DAC0_IRQHandler
                0x000003f0                USART0_IRQHandler
                0x000003f4                USART1_IRQHandler
                0x000003f8                USART2_IRQHandler
                0x000003fc                Reserved22_IRQHandler
                0x00000400                I2C1_IRQHandler
                0x00000404                I2C0_IRQHandler
                0x00000408                SCT0_IRQHandler
                0x0000040c                MRT0_IRQHandler
                0x00000410                CMP_CAPT_IRQHandler
                0x00000414                WDT_IRQHandler
                0x00000418                BOD_IRQHandler
                0x0000041c                FLASH_IRQHandler
                0x00000420                WKT_IRQHandler
                0x00000428                ADC0_SEQB_IRQHandler
                0x0000042c                ADC0_THCMP_IRQHandler
                0x00000430                ADC0_OVR_IRQHandler
                0x00000434                DMA0_IRQHandler
                0x00000438                I2C2_IRQHandler
                0x0000043c                I2C3_IRQHandler
                0x00000440                CTIMER0_IRQHandler
                0x00000444                PIN_INT0_IRQHandler
                0x00000448                PIN_INT1_IRQHandler
                0x0000044c                PIN_INT2_IRQHandler
                0x00000450                PIN_INT3_IRQHandler
                0x00000454                PIN_INT4_IRQHandler
 .text          0x000004fc      0x114 /Applications/MCUXpressoIDE_24.12.148/ide/plugins/com.nxp.mcuxpresso.tools.macosx_24.12.0.202407110909/tools/bin/../lib/gcc/arm-none-eabi/13.2.1/thumb/v6-m/nofp/libgcc.a(_udivsi3.o)
                0x000004fc                __udivsi3
                0x000004fc                __aeabi_uidiv
                0x00000608                __aeabi_uidivmod
 .text          0x00000610      0x1d4 /Applications/MCUXpressoIDE_24.12.148/ide/plugins/com.nxp.mcuxpresso.tools.macosx_24.12.0.202407110909/tools/bin/../lib/gcc/arm-none-eabi/13.2.1/thumb/v6-m/nofp/libgcc.a(_divsi3.o)
                0x00000610                __aeabi_idiv
                0x00000610                __divsi3
                0x000007dc                __aeabi_idivmod
 .text          0x000007e4        0x4 /Applications/MCUXpressoIDE_24.12.148/ide/plugins/com.nxp.mcuxpresso.tools.macosx_24.12.0.202407110909/tools/bin/../lib/gcc/arm-none-eabi/13.2.1/thumb/v6-m/nofp/libgcc.a(_dvmd_tls.o)
                0x000007e4                __aeabi_ldiv0
                0x000007e4                __aeabi_idiv0
 .text          0x000007e8       0x40 /Applications/MCUXpressoIDE_24.12.148/ide/plugins/com.nxp.mcuxpresso.tools.macosx_24.12.0.202407110909/tools/bin/../lib/gcc/arm-none-eabi/13.2.1/thumb/v6-m/nofp/libgcc.a(_aeabi_uldivmod.o)
                0x000007e8                __aeabi_uldivmod
 .text          0x00000828       0x7c /Applications/MCUXpressoIDE_24.12.148/ide/plugins/com.nxp.mcuxpresso.tools.macosx_24.12.0.202407110909/tools/bin/../lib/gcc/arm-none-eabi/13.2.1/thumb/v6-m/nofp/libgcc.a(_arm_cmpdf2.o)
                0x00000828                __aeabi_cdrcmple
                0x00000838                __aeabi_cdcmple
                0x00000838                __aeabi_cdcmpeq
                0x00000848                __aeabi_dcmpeq
                0x00000854                __aeabi_dcmplt
                0x00000868                __aeabi_dcmple
                0x0000087c                __aeabi_dcmpgt
                0x00000890                __aeabi_dcmpge
 .text          0x000008a4       0x74 /Applications/MCUXpressoIDE_24.12.148/ide/plugins/com.nxp.mcuxpresso.tools.macosx_24.12.0.202407110909/tools/bin/../lib/gcc/arm-none-eabi/13.2.1/thumb/v6-m/nofp/libgcc.a(_arm_cmpsf2.o)
                0x000008a4                __aeabi_cfrcmple
                0x000008ac                __aeabi_cfcmple
                0x000008ac                __aeabi_cfcmpeq
                0x000008bc                __aeabi_fcmpeq
                0x000008c8                __aeabi_fcmplt
                0x000008dc                __aeabi_fcmple
                0x000008f0                __aeabi_fcmpgt
                0x00000904                __aeabi_fcmpge
 .text          0x00000918       0x3c /Applications/MCUXpressoIDE_24.12.148/ide/plugins/com.nxp.mcuxpresso.tools.macosx_24.12.0.202407110909/tools/bin/../lib/gcc/arm-none-eabi/13.2.1/thumb/v6-m/nofp/libgcc.a(_clzsi2.o)
                0x00000918                __clzsi2
 .text          0x00000954       0x18 /Applications/MCUXpressoIDE_24.12.148/ide/plugins/com.nxp.mcuxpresso.tools.macosx_24.12.0.202407110909/tools/bin/../lib/gcc/arm-none-eabi/13.2.1/thumb/v6-m/nofp/libgcc.a(_clzdi2.o)
                0x00000954                __clzdi2
 .text          0x0000096c        0xe /Applications/MCUXpressoIDE_24.12.148/ide/plugins/com.nxp.mcuxpresso.tools.macosx_24.12.0.202407110909/tools/bin/../lib/gcc/arm-none-eabi/13.2.1/../../../../arm-none-eabi/lib/thumb/v6-m/nofp/libc_nano.a(libc_a-strlen.o)
                0x0000096c                strlen
 *(.text*)
 *fill*         0x0000097a        0x2 
 .text.deregister_tm_clones
                0x0000097c       0x20 /Applications/MCUXpressoIDE_24.12.148/ide/plugins/com.nxp.mcuxpresso.tools.macosx_24.12.0.202407110909/tools/bin/../lib/gcc/arm-none-eabi/13.2.1/thumb/v6-m/nofp/crtbegin.o
 .text.register_tm_clones
                0x0000099c       0x28 /Applications/MCUXpressoIDE_24.12.148/ide/plugins/com.nxp.mcuxpresso.tools.macosx_24.12.0.202407110909/tools/bin/../lib/gcc/arm-none-eabi/13.2.1/thumb/v6-m/nofp/crtbegin.o
 .text.__do_global_dtors_aux
                0x000009c4       0x2c /Applications/MCUXpressoIDE_24.12.148/ide/plugins/com.nxp.mcuxpresso.tools.macosx_24.12.0.202407110909/tools/bin/../lib/gcc/arm-none-eabi/13.2.1/thumb/v6-m/nofp/crtbegin.o
 .text.frame_dummy
                0x000009f0       0x24 /Applications/MCUXpressoIDE_24.12.148/ide/plugins/com.nxp.mcuxpresso.tools.macosx_24.12.0.202407110909/tools/bin/../lib/gcc/arm-none-eabi/13.2.1/thumb/v6-m/nofp/crtbegin.o
 .text.main     0x00000a14      0x154 CMakeFiles/new_project.elf.dir/Users/misaelcastillo/curso-lse/trabajo_integrador/integrador/main.c.obj
                0x00000a14                main
 .text.CLOCK_Select
                0x00000b68       0x38 CMakeFiles/new_project.elf.dir/Users/misaelcastillo/curso-lse/trabajo_integrador/integrador/board.c.obj
 .text.BOARD_InitDebugConsole
                0x00000ba0       0x58 CMakeFiles/new_project.elf.dir/Users/misaelcastillo/curso-lse/trabajo_integrador/integrador/board.c.obj
                0x00000ba0                BOARD_InitDebugConsole
 .text.CLOCK_Select
                0x00000bf8       0x38 CMakeFiles/new_project.elf.dir/Users/misaelcastillo/curso-lse/trabajo_integrador/integrador/clock_config.c.obj
 .text.CLOCK_SetCoreSysClkDiv
                0x00000c30       0x4c CMakeFiles/new_project.elf.dir/Users/misaelcastillo/curso-lse/trabajo_integrador/integrador/clock_config.c.obj
 .text.CLOCK_SetFroOscFreq
                0x00000c7c       0x24 CMakeFiles/new_project.elf.dir/Users/misaelcastillo/curso-lse/trabajo_integrador/integrador/clock_config.c.obj
 .text.POWER_DisablePD
                0x00000ca0       0x2c CMakeFiles/new_project.elf.dir/Users/misaelcastillo/curso-lse/trabajo_integrador/integrador/clock_config.c.obj
 .text.BOARD_BootClockFRO30M
                0x00000ccc       0x58 CMakeFiles/new_project.elf.dir/Users/misaelcastillo/curso-lse/trabajo_integrador/integrador/clock_config.c.obj
                0x00000ccc                BOARD_BootClockFRO30M
 .text.GPIO_PinWrite
                0x00000d24       0x2c CMakeFiles/new_project.elf.dir/Users/misaelcastillo/curso-lse/trabajo_integrador/integrador/app_tasks.c.obj
 .text.GPIO_PinRead
                0x00000d50       0x24 CMakeFiles/new_project.elf.dir/Users/misaelcastillo/curso-lse/trabajo_integrador/integrador/app_tasks.c.obj
 .text.GPIO_PortToggle
                0x00000d74       0x26 CMakeFiles/new_project.elf.dir/Users/misaelcastillo/curso-lse/trabajo_integrador/integrador/app_tasks.c.obj
 .text.ADC_DoSoftwareTriggerConvSeqA
                0x00000d9a       0x1e CMakeFiles/new_project.elf.dir/Users/misaelcastillo/curso-lse/trabajo_integrador/integrador/app_tasks.c.obj
 .text.wrapper_gpio_init
                0x00000db8       0x24 CMakeFiles/new_project.elf.dir/Users/misaelcastillo/curso-lse/trabajo_integrador/integrador/app_tasks.c.obj
 .text.wrapper_btn_get
                0x00000ddc       0x30 CMakeFiles/new_project.elf.dir/Users/misaelcastillo/curso-lse/trabajo_integrador/integrador/app_tasks.c.obj
 .text.wrapper_output_init
                0x00000e0c       0x3e CMakeFiles/new_project.elf.dir/Users/misaelcastillo/curso-lse/trabajo_integrador/integrador/app_tasks.c.obj
 .text.wrapper_gpio_get_port
                0x00000e4a       0x1a CMakeFiles/new_project.elf.dir/Users/misaelcastillo/curso-lse/trabajo_integrador/integrador/app_tasks.c.obj
 .text.wrapper_gpio_get_pin
                0x00000e64       0x1a CMakeFiles/new_project.elf.dir/Users/misaelcastillo/curso-lse/trabajo_integrador/integrador/app_tasks.c.obj
 .text.wrapper_output_toggle
                0x00000e7e       0x46 CMakeFiles/new_project.elf.dir/Users/misaelcastillo/curso-lse/trabajo_integrador/integrador/app_tasks.c.obj
 .text.wrapper_display_off
                0x00000ec4       0x26 CMakeFiles/new_project.elf.dir/Users/misaelcastillo/curso-lse/trabajo_integrador/integrador/app_tasks.c.obj
 .text.wrapper_display_on
                0x00000eea       0x28 CMakeFiles/new_project.elf.dir/Users/misaelcastillo/curso-lse/trabajo_integrador/integrador/app_tasks.c.obj
 .text.wrapper_btn_get_with_debouncing_with_pull_up
                0x00000f12       0x56 CMakeFiles/new_project.elf.dir/Users/misaelcastillo/curso-lse/trabajo_integrador/integrador/app_tasks.c.obj
 .text.task_init
                0x00000f68      0x12c CMakeFiles/new_project.elf.dir/Users/misaelcastillo/curso-lse/trabajo_integrador/integrador/app_tasks.c.obj
                0x00000f68                task_init
 .text.task_adc
                0x00001094       0x20 CMakeFiles/new_project.elf.dir/Users/misaelcastillo/curso-lse/trabajo_integrador/integrador/app_tasks.c.obj
                0x00001094                task_adc
 .text.task_display
                0x000010b4       0xe4 CMakeFiles/new_project.elf.dir/Users/misaelcastillo/curso-lse/trabajo_integrador/integrador/app_tasks.c.obj
                0x000010b4                task_display
 .text.task_pwm
                0x00001198       0x74 CMakeFiles/new_project.elf.dir/Users/misaelcastillo/curso-lse/trabajo_integrador/integrador/app_tasks.c.obj
                0x00001198                task_pwm
 .text.task_ledrgb
                0x0000120c       0x84 CMakeFiles/new_project.elf.dir/Users/misaelcastillo/curso-lse/trabajo_integrador/integrador/app_tasks.c.obj
                0x0000120c                task_ledrgb
 .text.task_bh1750
                0x00001290       0x58 CMakeFiles/new_project.elf.dir/Users/misaelcastillo/curso-lse/trabajo_integrador/integrador/app_tasks.c.obj
                0x00001290                task_bh1750
 .text.task_display_change
                0x000012e8       0x70 CMakeFiles/new_project.elf.dir/Users/misaelcastillo/curso-lse/trabajo_integrador/integrador/app_tasks.c.obj
                0x000012e8                task_display_change
 .text.task_userbtn
                0x00001358       0x50 CMakeFiles/new_project.elf.dir/Users/misaelcastillo/curso-lse/trabajo_integrador/integrador/app_tasks.c.obj
                0x00001358                task_userbtn
 .text.task_buzzer
                0x000013a8       0x84 CMakeFiles/new_project.elf.dir/Users/misaelcastillo/curso-lse/trabajo_integrador/integrador/app_tasks.c.obj
                0x000013a8                task_buzzer
 .text.task_cnt_bt
                0x0000142c       0x98 CMakeFiles/new_project.elf.dir/Users/misaelcastillo/curso-lse/trabajo_integrador/integrador/app_tasks.c.obj
                0x0000142c                task_cnt_bt
 .text.task_ShowValues
                0x000014c4      0x11c CMakeFiles/new_project.elf.dir/Users/misaelcastillo/curso-lse/trabajo_integrador/integrador/app_tasks.c.obj
                0x000014c4                task_ShowValues
 .text.ADC_GetStatusFlags
                0x000015e0       0x14 CMakeFiles/new_project.elf.dir/Users/misaelcastillo/curso-lse/trabajo_integrador/integrador/isr.c.obj
 .text.ADC_ClearStatusFlags
                0x000015f4       0x18 CMakeFiles/new_project.elf.dir/Users/misaelcastillo/curso-lse/trabajo_integrador/integrador/isr.c.obj
 .text.ADC0_SEQA_IRQHandler
                0x0000160c       0xa0 CMakeFiles/new_project.elf.dir/Users/misaelcastillo/curso-lse/trabajo_integrador/integrador/isr.c.obj
                0x0000160c                ADC0_SEQA_IRQHandler
 .text.__NVIC_EnableIRQ
                0x000016ac       0x34 CMakeFiles/new_project.elf.dir/Users/misaelcastillo/curso-lse/trabajo_integrador/integrador/wrappers.c.obj
 .text.CLOCK_EnableClock
                0x000016e0       0x54 CMakeFiles/new_project.elf.dir/Users/misaelcastillo/curso-lse/trabajo_integrador/integrador/wrappers.c.obj
 .text.CLOCK_DisableClock
                0x00001734       0x58 CMakeFiles/new_project.elf.dir/Users/misaelcastillo/curso-lse/trabajo_integrador/integrador/wrappers.c.obj
 .text.CLOCK_Select
                0x0000178c       0x38 CMakeFiles/new_project.elf.dir/Users/misaelcastillo/curso-lse/trabajo_integrador/integrador/wrappers.c.obj
 .text.CLOCK_SetClkDivider
                0x000017c4       0x30 CMakeFiles/new_project.elf.dir/Users/misaelcastillo/curso-lse/trabajo_integrador/integrador/wrappers.c.obj
 .text.CLOCK_GetClkDivider
                0x000017f4       0x2c CMakeFiles/new_project.elf.dir/Users/misaelcastillo/curso-lse/trabajo_integrador/integrador/wrappers.c.obj
 .text.GPIO_PinWrite
                0x00001820       0x2c CMakeFiles/new_project.elf.dir/Users/misaelcastillo/curso-lse/trabajo_integrador/integrador/wrappers.c.obj
 .text.POWER_DisablePD
                0x0000184c       0x2c CMakeFiles/new_project.elf.dir/Users/misaelcastillo/curso-lse/trabajo_integrador/integrador/wrappers.c.obj
 .text.ADC_EnableConvSeqA
                0x00001878       0x3a CMakeFiles/new_project.elf.dir/Users/misaelcastillo/curso-lse/trabajo_integrador/integrador/wrappers.c.obj
 .text.ADC_EnableInterrupts
                0x000018b2       0x22 CMakeFiles/new_project.elf.dir/Users/misaelcastillo/curso-lse/trabajo_integrador/integrador/wrappers.c.obj
 .text.SCTIMER_StartTimer
                0x000018d4      0x108 CMakeFiles/new_project.elf.dir/Users/misaelcastillo/curso-lse/trabajo_integrador/integrador/wrappers.c.obj
 .text.I2C_MasterRepeatedStart
                0x000019dc       0x32 CMakeFiles/new_project.elf.dir/Users/misaelcastillo/curso-lse/trabajo_integrador/integrador/wrappers.c.obj
 *fill*         0x00001a0e        0x2 
 .text.wrapper_adc_init
                0x00001a10       0xdc CMakeFiles/new_project.elf.dir/Users/misaelcastillo/curso-lse/trabajo_integrador/integrador/wrappers.c.obj
                0x00001a10                wrapper_adc_init
 .text.wrapper_btn_init
                0x00001aec       0x7c CMakeFiles/new_project.elf.dir/Users/misaelcastillo/curso-lse/trabajo_integrador/integrador/wrappers.c.obj
                0x00001aec                wrapper_btn_init
 .text.wrapper_display_init
                0x00001b68       0x94 CMakeFiles/new_project.elf.dir/Users/misaelcastillo/curso-lse/trabajo_integrador/integrador/wrappers.c.obj
                0x00001b68                wrapper_display_init
 .text.wrapper_display_write
                0x00001bfc       0xc4 CMakeFiles/new_project.elf.dir/Users/misaelcastillo/curso-lse/trabajo_integrador/integrador/wrappers.c.obj
                0x00001bfc                wrapper_display_write
 .text.wrapper_pwm_init
                0x00001cc0      0x100 CMakeFiles/new_project.elf.dir/Users/misaelcastillo/curso-lse/trabajo_integrador/integrador/wrappers.c.obj
                0x00001cc0                wrapper_pwm_init
 .text.wrapper_pwm_update_led
                0x00001dc0       0x58 CMakeFiles/new_project.elf.dir/Users/misaelcastillo/curso-lse/trabajo_integrador/integrador/wrappers.c.obj
 .text.wrapper_pwm_update_bled
                0x00001e18       0x2c CMakeFiles/new_project.elf.dir/Users/misaelcastillo/curso-lse/trabajo_integrador/integrador/wrappers.c.obj
                0x00001e18                wrapper_pwm_update_bled
 .text.wrapper_pwm_update_rled
                0x00001e44       0x2c CMakeFiles/new_project.elf.dir/Users/misaelcastillo/curso-lse/trabajo_integrador/integrador/wrappers.c.obj
                0x00001e44                wrapper_pwm_update_rled
 .text.wrapper_i2c_init
                0x00001e70       0x6c CMakeFiles/new_project.elf.dir/Users/misaelcastillo/curso-lse/trabajo_integrador/integrador/wrappers.c.obj
                0x00001e70                wrapper_i2c_init
 .text.wrapper_bh1750_init
                0x00001edc       0x60 CMakeFiles/new_project.elf.dir/Users/misaelcastillo/curso-lse/trabajo_integrador/integrador/wrappers.c.obj
                0x00001edc                wrapper_bh1750_init
 .text.wrapper_bh1750_read
                0x00001f3c       0x68 CMakeFiles/new_project.elf.dir/Users/misaelcastillo/curso-lse/trabajo_integrador/integrador/wrappers.c.obj
                0x00001f3c                wrapper_bh1750_read
 .text.HAL_UartGetStatus
                0x00001fa4       0x20 CMakeFiles/new_project.elf.dir/Users/misaelcastillo/curso-lse/trabajo_integrador/sdks/integrador_sdk/components/uart/fsl_adapter_miniusart.c.obj
 .text.HAL_UartInit
                0x00001fc4      0x134 CMakeFiles/new_project.elf.dir/Users/misaelcastillo/curso-lse/trabajo_integrador/sdks/integrador_sdk/components/uart/fsl_adapter_miniusart.c.obj
                0x00001fc4                HAL_UartInit
 .text.HAL_UartReceiveBlocking
                0x000020f8       0x90 CMakeFiles/new_project.elf.dir/Users/misaelcastillo/curso-lse/trabajo_integrador/sdks/integrador_sdk/components/uart/fsl_adapter_miniusart.c.obj
                0x000020f8                HAL_UartReceiveBlocking
 .text.HAL_UartSendBlocking
                0x00002188       0x84 CMakeFiles/new_project.elf.dir/Users/misaelcastillo/curso-lse/trabajo_integrador/sdks/integrador_sdk/components/uart/fsl_adapter_miniusart.c.obj
                0x00002188                HAL_UartSendBlocking
 .text.SystemInit
                0x0000220c       0x2c CMakeFiles/new_project.elf.dir/Users/misaelcastillo/curso-lse/trabajo_integrador/sdks/integrador_sdk/devices/LPC845/system_LPC845.c.obj
                0x0000220c                SystemInit
 .text.SystemInitHook
                0x00002238        0xa CMakeFiles/new_project.elf.dir/Users/misaelcastillo/curso-lse/trabajo_integrador/sdks/integrador_sdk/devices/LPC845/system_LPC845.c.obj
                0x00002238                SystemInitHook
 *fill*         0x00002242        0x2 
 .text.CLOCK_GetCoreSysClkFreq
                0x00002244       0x24 CMakeFiles/new_project.elf.dir/Users/misaelcastillo/curso-lse/trabajo_integrador/sdks/integrador_sdk/devices/LPC845/drivers/fsl_clock.c.obj
 .text.CLOCK_GetSystemPLLFreq
                0x00002268       0x20 CMakeFiles/new_project.elf.dir/Users/misaelcastillo/curso-lse/trabajo_integrador/sdks/integrador_sdk/devices/LPC845/drivers/fsl_clock.c.obj
 .text.CLOCK_GetWdtOscFreq
                0x00002288       0x14 CMakeFiles/new_project.elf.dir/Users/misaelcastillo/curso-lse/trabajo_integrador/sdks/integrador_sdk/devices/LPC845/drivers/fsl_clock.c.obj
 .text.CLOCK_GetExtClkFreq
                0x0000229c       0x14 CMakeFiles/new_project.elf.dir/Users/misaelcastillo/curso-lse/trabajo_integrador/sdks/integrador_sdk/devices/LPC845/drivers/fsl_clock.c.obj
 .text.CLOCK_GetFRGInputClkFreq
                0x000022b0       0x3e CMakeFiles/new_project.elf.dir/Users/misaelcastillo/curso-lse/trabajo_integrador/sdks/integrador_sdk/devices/LPC845/drivers/fsl_clock.c.obj
 *fill*         0x000022ee        0x2 
 .text.CLOCK_UpdateClkSrc
                0x000022f0       0x58 CMakeFiles/new_project.elf.dir/Users/misaelcastillo/curso-lse/trabajo_integrador/sdks/integrador_sdk/devices/LPC845/drivers/fsl_clock.c.obj
 .text.CLOCK_GetFRG0ClkFreq
                0x00002348       0x64 CMakeFiles/new_project.elf.dir/Users/misaelcastillo/curso-lse/trabajo_integrador/sdks/integrador_sdk/devices/LPC845/drivers/fsl_clock.c.obj
                0x00002348                CLOCK_GetFRG0ClkFreq
 .text.CLOCK_GetFRG1ClkFreq
                0x000023ac       0x64 CMakeFiles/new_project.elf.dir/Users/misaelcastillo/curso-lse/trabajo_integrador/sdks/integrador_sdk/devices/LPC845/drivers/fsl_clock.c.obj
                0x000023ac                CLOCK_GetFRG1ClkFreq
 .text.CLOCK_GetMainClkFreq
                0x00002410       0x78 CMakeFiles/new_project.elf.dir/Users/misaelcastillo/curso-lse/trabajo_integrador/sdks/integrador_sdk/devices/LPC845/drivers/fsl_clock.c.obj
                0x00002410                CLOCK_GetMainClkFreq
 .text.CLOCK_GetFroFreq
                0x00002488       0x78 CMakeFiles/new_project.elf.dir/Users/misaelcastillo/curso-lse/trabajo_integrador/sdks/integrador_sdk/devices/LPC845/drivers/fsl_clock.c.obj
                0x00002488                CLOCK_GetFroFreq
 .text.CLOCK_GetFreq
                0x00002500       0x90 CMakeFiles/new_project.elf.dir/Users/misaelcastillo/curso-lse/trabajo_integrador/sdks/integrador_sdk/devices/LPC845/drivers/fsl_clock.c.obj
                0x00002500                CLOCK_GetFreq
 .text.CLOCK_GetSystemPLLInClockRate
                0x00002590       0x64 CMakeFiles/new_project.elf.dir/Users/misaelcastillo/curso-lse/trabajo_integrador/sdks/integrador_sdk/devices/LPC845/drivers/fsl_clock.c.obj
                0x00002590                CLOCK_GetSystemPLLInClockRate
 .text.CLOCK_SetMainClkSrc
                0x000025f4       0x9c CMakeFiles/new_project.elf.dir/Users/misaelcastillo/curso-lse/trabajo_integrador/sdks/integrador_sdk/devices/LPC845/drivers/fsl_clock.c.obj
                0x000025f4                CLOCK_SetMainClkSrc
 .text.CLOCK_SetFroOutClkSrc
                0x00002690       0x48 CMakeFiles/new_project.elf.dir/Users/misaelcastillo/curso-lse/trabajo_integrador/sdks/integrador_sdk/devices/LPC845/drivers/fsl_clock.c.obj
                0x00002690                CLOCK_SetFroOutClkSrc
 .text.DelayLoop
                0x000026d8       0x1a CMakeFiles/new_project.elf.dir/Users/misaelcastillo/curso-lse/trabajo_integrador/sdks/integrador_sdk/devices/LPC845/drivers/fsl_common_arm.c.obj
 *fill*         0x000026f2        0x2 
 .text.SDK_DelayAtLeastUs
                0x000026f4       0x84 CMakeFiles/new_project.elf.dir/Users/misaelcastillo/curso-lse/trabajo_integrador/sdks/integrador_sdk/devices/LPC845/drivers/fsl_common_arm.c.obj
                0x000026f4                SDK_DelayAtLeastUs
 .text.CLOCK_EnableClock
                0x00002778       0x54 CMakeFiles/new_project.elf.dir/Users/misaelcastillo/curso-lse/trabajo_integrador/sdks/integrador_sdk/devices/LPC845/drivers/fsl_adc.c.obj
 .text.RESET_ReleasePeripheralReset
                0x000027cc       0x18 CMakeFiles/new_project.elf.dir/Users/misaelcastillo/curso-lse/trabajo_integrador/sdks/integrador_sdk/devices/LPC845/drivers/fsl_adc.c.obj
 .text.ADC_GetInstance
                0x000027e4       0x54 CMakeFiles/new_project.elf.dir/Users/misaelcastillo/curso-lse/trabajo_integrador/sdks/integrador_sdk/devices/LPC845/drivers/fsl_adc.c.obj
 .text.ADC_Init
                0x00002838       0xb4 CMakeFiles/new_project.elf.dir/Users/misaelcastillo/curso-lse/trabajo_integrador/sdks/integrador_sdk/devices/LPC845/drivers/fsl_adc.c.obj
                0x00002838                ADC_Init
 .text.ADC_GetDefaultConfig
                0x000028ec       0x34 CMakeFiles/new_project.elf.dir/Users/misaelcastillo/curso-lse/trabajo_integrador/sdks/integrador_sdk/devices/LPC845/drivers/fsl_adc.c.obj
                0x000028ec                ADC_GetDefaultConfig
 .text.ADC_DoSelfCalibration
                0x00002920       0xc0 CMakeFiles/new_project.elf.dir/Users/misaelcastillo/curso-lse/trabajo_integrador/sdks/integrador_sdk/devices/LPC845/drivers/fsl_adc.c.obj
                0x00002920                ADC_DoSelfCalibration
 .text.ADC_SetConvSeqAConfig
                0x000029e0       0xa0 CMakeFiles/new_project.elf.dir/Users/misaelcastillo/curso-lse/trabajo_integrador/sdks/integrador_sdk/devices/LPC845/drivers/fsl_adc.c.obj
                0x000029e0                ADC_SetConvSeqAConfig
 .text.ADC_GetChannelConversionResult
                0x00002a80       0xbc CMakeFiles/new_project.elf.dir/Users/misaelcastillo/curso-lse/trabajo_integrador/sdks/integrador_sdk/devices/LPC845/drivers/fsl_adc.c.obj
                0x00002a80                ADC_GetChannelConversionResult
 .text.CLOCK_EnableClock
                0x00002b3c       0x54 CMakeFiles/new_project.elf.dir/Users/misaelcastillo/curso-lse/trabajo_integrador/sdks/integrador_sdk/devices/LPC845/drivers/fsl_gpio.c.obj
 .text.GPIO_EnablePortClock
                0x00002b90       0x44 CMakeFiles/new_project.elf.dir/Users/misaelcastillo/curso-lse/trabajo_integrador/sdks/integrador_sdk/devices/LPC845/drivers/fsl_gpio.c.obj
 .text.GPIO_PortInit
                0x00002bd4       0x30 CMakeFiles/new_project.elf.dir/Users/misaelcastillo/curso-lse/trabajo_integrador/sdks/integrador_sdk/devices/LPC845/drivers/fsl_gpio.c.obj
                0x00002bd4                GPIO_PortInit
 .text.GPIO_PinInit
                0x00002c04       0xc0 CMakeFiles/new_project.elf.dir/Users/misaelcastillo/curso-lse/trabajo_integrador/sdks/integrador_sdk/devices/LPC845/drivers/fsl_gpio.c.obj
                0x00002c04                GPIO_PinInit
 .text.CLOCK_EnableClock
                0x00002cc4       0x54 CMakeFiles/new_project.elf.dir/Users/misaelcastillo/curso-lse/trabajo_integrador/sdks/integrador_sdk/devices/LPC845/drivers/fsl_i2c.c.obj
 .text.I2C_MasterEnable
                0x00002d18       0x3c CMakeFiles/new_project.elf.dir/Users/misaelcastillo/curso-lse/trabajo_integrador/sdks/integrador_sdk/devices/LPC845/drivers/fsl_i2c.c.obj
 .text.I2C_GetStatusFlags
                0x00002d54       0x14 CMakeFiles/new_project.elf.dir/Users/misaelcastillo/curso-lse/trabajo_integrador/sdks/integrador_sdk/devices/LPC845/drivers/fsl_i2c.c.obj
 .text.I2C_MasterClearStatusFlags
                0x00002d68       0x1c CMakeFiles/new_project.elf.dir/Users/misaelcastillo/curso-lse/trabajo_integrador/sdks/integrador_sdk/devices/LPC845/drivers/fsl_i2c.c.obj
 .text.I2C_GetInstance
                0x00002d84       0x58 CMakeFiles/new_project.elf.dir/Users/misaelcastillo/curso-lse/trabajo_integrador/sdks/integrador_sdk/devices/LPC845/drivers/fsl_i2c.c.obj
                0x00002d84                I2C_GetInstance
 .text.I2C_MasterGetDefaultConfig
                0x00002ddc       0x34 CMakeFiles/new_project.elf.dir/Users/misaelcastillo/curso-lse/trabajo_integrador/sdks/integrador_sdk/devices/LPC845/drivers/fsl_i2c.c.obj
                0x00002ddc                I2C_MasterGetDefaultConfig
 .text.I2C_MasterInit
                0x00002e10       0x64 CMakeFiles/new_project.elf.dir/Users/misaelcastillo/curso-lse/trabajo_integrador/sdks/integrador_sdk/devices/LPC845/drivers/fsl_i2c.c.obj
                0x00002e10                I2C_MasterInit
 .text.I2C_MasterSetBaudRate
                0x00002e74      0x114 CMakeFiles/new_project.elf.dir/Users/misaelcastillo/curso-lse/trabajo_integrador/sdks/integrador_sdk/devices/LPC845/drivers/fsl_i2c.c.obj
                0x00002e74                I2C_MasterSetBaudRate
 .text.I2C_PendingStatusWait
                0x00002f88       0x30 CMakeFiles/new_project.elf.dir/Users/misaelcastillo/curso-lse/trabajo_integrador/sdks/integrador_sdk/devices/LPC845/drivers/fsl_i2c.c.obj
 .text.I2C_MasterStart
                0x00002fb8       0x54 CMakeFiles/new_project.elf.dir/Users/misaelcastillo/curso-lse/trabajo_integrador/sdks/integrador_sdk/devices/LPC845/drivers/fsl_i2c.c.obj
                0x00002fb8                I2C_MasterStart
 .text.I2C_MasterStop
                0x0000300c       0x30 CMakeFiles/new_project.elf.dir/Users/misaelcastillo/curso-lse/trabajo_integrador/sdks/integrador_sdk/devices/LPC845/drivers/fsl_i2c.c.obj
                0x0000300c                I2C_MasterStop
 .text.I2C_MasterWriteBlocking
                0x0000303c      0x124 CMakeFiles/new_project.elf.dir/Users/misaelcastillo/curso-lse/trabajo_integrador/sdks/integrador_sdk/devices/LPC845/drivers/fsl_i2c.c.obj
                0x0000303c                I2C_MasterWriteBlocking
 .text.I2C_MasterReadBlocking
                0x00003160      0x104 CMakeFiles/new_project.elf.dir/Users/misaelcastillo/curso-lse/trabajo_integrador/sdks/integrador_sdk/devices/LPC845/drivers/fsl_i2c.c.obj
                0x00003160                I2C_MasterReadBlocking
 .text.I2C_TransferCommonIRQHandler
                0x00003264       0x40 CMakeFiles/new_project.elf.dir/Users/misaelcastillo/curso-lse/trabajo_integrador/sdks/integrador_sdk/devices/LPC845/drivers/fsl_i2c.c.obj
 .text.I2C0_DriverIRQHandler
                0x000032a4       0x20 CMakeFiles/new_project.elf.dir/Users/misaelcastillo/curso-lse/trabajo_integrador/sdks/integrador_sdk/devices/LPC845/drivers/fsl_i2c.c.obj
                0x000032a4                I2C0_DriverIRQHandler
 .text.I2C1_DriverIRQHandler
                0x000032c4       0x20 CMakeFiles/new_project.elf.dir/Users/misaelcastillo/curso-lse/trabajo_integrador/sdks/integrador_sdk/devices/LPC845/drivers/fsl_i2c.c.obj
                0x000032c4                I2C1_DriverIRQHandler
 .text.I2C2_DriverIRQHandler
                0x000032e4       0x20 CMakeFiles/new_project.elf.dir/Users/misaelcastillo/curso-lse/trabajo_integrador/sdks/integrador_sdk/devices/LPC845/drivers/fsl_i2c.c.obj
                0x000032e4                I2C2_DriverIRQHandler
 .text.CLOCK_EnableClock
                0x00003304       0x54 CMakeFiles/new_project.elf.dir/Users/misaelcastillo/curso-lse/trabajo_integrador/sdks/integrador_sdk/devices/LPC845/drivers/fsl_usart.c.obj
 .text.USART_EnableContinuousSCLK
                0x00003358       0x40 CMakeFiles/new_project.elf.dir/Users/misaelcastillo/curso-lse/trabajo_integrador/sdks/integrador_sdk/devices/LPC845/drivers/fsl_usart.c.obj
 .text.USART_EnableTx
                0x00003398       0x46 CMakeFiles/new_project.elf.dir/Users/misaelcastillo/curso-lse/trabajo_integrador/sdks/integrador_sdk/devices/LPC845/drivers/fsl_usart.c.obj
 .text.USART_EnableRx
                0x000033de       0x44 CMakeFiles/new_project.elf.dir/Users/misaelcastillo/curso-lse/trabajo_integrador/sdks/integrador_sdk/devices/LPC845/drivers/fsl_usart.c.obj
 *fill*         0x00003422        0x2 
 .text.USART_GetInstance
                0x00003424       0x58 CMakeFiles/new_project.elf.dir/Users/misaelcastillo/curso-lse/trabajo_integrador/sdks/integrador_sdk/devices/LPC845/drivers/fsl_usart.c.obj
                0x00003424                USART_GetInstance
 .text.USART_Init
                0x0000347c      0x144 CMakeFiles/new_project.elf.dir/Users/misaelcastillo/curso-lse/trabajo_integrador/sdks/integrador_sdk/devices/LPC845/drivers/fsl_usart.c.obj
                0x0000347c                USART_Init
 .text.USART_GetDefaultConfig
                0x000035c0       0x80 CMakeFiles/new_project.elf.dir/Users/misaelcastillo/curso-lse/trabajo_integrador/sdks/integrador_sdk/devices/LPC845/drivers/fsl_usart.c.obj
                0x000035c0                USART_GetDefaultConfig
 .text.USART_SetBaudRate
                0x00003640      0x15c CMakeFiles/new_project.elf.dir/Users/misaelcastillo/curso-lse/trabajo_integrador/sdks/integrador_sdk/devices/LPC845/drivers/fsl_usart.c.obj
                0x00003640                USART_SetBaudRate
 .text.USART_WriteBlocking
                0x0000379c       0x70 CMakeFiles/new_project.elf.dir/Users/misaelcastillo/curso-lse/trabajo_integrador/sdks/integrador_sdk/devices/LPC845/drivers/fsl_usart.c.obj
                0x0000379c                USART_WriteBlocking
 .text.USART_ReadBlocking
                0x0000380c       0xd0 CMakeFiles/new_project.elf.dir/Users/misaelcastillo/curso-lse/trabajo_integrador/sdks/integrador_sdk/devices/LPC845/drivers/fsl_usart.c.obj
                0x0000380c                USART_ReadBlocking
 .text.USART0_DriverIRQHandler
                0x000038dc       0x24 CMakeFiles/new_project.elf.dir/Users/misaelcastillo/curso-lse/trabajo_integrador/sdks/integrador_sdk/devices/LPC845/drivers/fsl_usart.c.obj
                0x000038dc                USART0_DriverIRQHandler
 .text.USART1_DriverIRQHandler
                0x00003900       0x24 CMakeFiles/new_project.elf.dir/Users/misaelcastillo/curso-lse/trabajo_integrador/sdks/integrador_sdk/devices/LPC845/drivers/fsl_usart.c.obj
                0x00003900                USART1_DriverIRQHandler
 .text.USART2_DriverIRQHandler
                0x00003924       0x24 CMakeFiles/new_project.elf.dir/Users/misaelcastillo/curso-lse/trabajo_integrador/sdks/integrador_sdk/devices/LPC845/drivers/fsl_usart.c.obj
                0x00003924                USART2_DriverIRQHandler
 .text.PIN_INT6_USART3_DriverIRQHandler
                0x00003948       0x24 CMakeFiles/new_project.elf.dir/Users/misaelcastillo/curso-lse/trabajo_integrador/sdks/integrador_sdk/devices/LPC845/drivers/fsl_usart.c.obj
                0x00003948                PIN_INT6_USART3_DriverIRQHandler
 .text.PIN_INT7_USART4_DriverIRQHandler
                0x0000396c       0x24 CMakeFiles/new_project.elf.dir/Users/misaelcastillo/curso-lse/trabajo_integrador/sdks/integrador_sdk/devices/LPC845/drivers/fsl_usart.c.obj
                0x0000396c                PIN_INT7_USART4_DriverIRQHandler
 .text.PINT_PinInterruptGetStatus
                0x00003990       0x26 CMakeFiles/new_project.elf.dir/Users/misaelcastillo/curso-lse/trabajo_integrador/sdks/integrador_sdk/devices/LPC845/drivers/fsl_pint.c.obj
 .text.PINT_PinInterruptClrFallFlag
                0x000039b6       0x22 CMakeFiles/new_project.elf.dir/Users/misaelcastillo/curso-lse/trabajo_integrador/sdks/integrador_sdk/devices/LPC845/drivers/fsl_pint.c.obj
 .text.PINT_PinInterruptGetFallFlag
                0x000039d8       0x26 CMakeFiles/new_project.elf.dir/Users/misaelcastillo/curso-lse/trabajo_integrador/sdks/integrador_sdk/devices/LPC845/drivers/fsl_pint.c.obj
 .text.PINT_PinInterruptClrRiseFlag
                0x000039fe       0x22 CMakeFiles/new_project.elf.dir/Users/misaelcastillo/curso-lse/trabajo_integrador/sdks/integrador_sdk/devices/LPC845/drivers/fsl_pint.c.obj
 .text.PINT_PinInterruptGetRiseFlag
                0x00003a20       0x26 CMakeFiles/new_project.elf.dir/Users/misaelcastillo/curso-lse/trabajo_integrador/sdks/integrador_sdk/devices/LPC845/drivers/fsl_pint.c.obj
 .text.PINT_PatternMatchResetDetectLogic
                0x00003a46       0x30 CMakeFiles/new_project.elf.dir/Users/misaelcastillo/curso-lse/trabajo_integrador/sdks/integrador_sdk/devices/LPC845/drivers/fsl_pint.c.obj
                0x00003a46                PINT_PatternMatchResetDetectLogic
 *fill*         0x00003a76        0x2 
 .text.PINT_CommonIRQHanlder
                0x00003a78       0xdc CMakeFiles/new_project.elf.dir/Users/misaelcastillo/curso-lse/trabajo_integrador/sdks/integrador_sdk/devices/LPC845/drivers/fsl_pint.c.obj
 .text.PIN_INT0_DriverIRQHandler
                0x00003b54       0x12 CMakeFiles/new_project.elf.dir/Users/misaelcastillo/curso-lse/trabajo_integrador/sdks/integrador_sdk/devices/LPC845/drivers/fsl_pint.c.obj
                0x00003b54                PIN_INT0_DriverIRQHandler
 .text.PIN_INT1_DriverIRQHandler
                0x00003b66       0x12 CMakeFiles/new_project.elf.dir/Users/misaelcastillo/curso-lse/trabajo_integrador/sdks/integrador_sdk/devices/LPC845/drivers/fsl_pint.c.obj
                0x00003b66                PIN_INT1_DriverIRQHandler
 .text.PIN_INT2_DriverIRQHandler
                0x00003b78       0x12 CMakeFiles/new_project.elf.dir/Users/misaelcastillo/curso-lse/trabajo_integrador/sdks/integrador_sdk/devices/LPC845/drivers/fsl_pint.c.obj
                0x00003b78                PIN_INT2_DriverIRQHandler
 .text.PIN_INT3_DriverIRQHandler
                0x00003b8a       0x12 CMakeFiles/new_project.elf.dir/Users/misaelcastillo/curso-lse/trabajo_integrador/sdks/integrador_sdk/devices/LPC845/drivers/fsl_pint.c.obj
                0x00003b8a                PIN_INT3_DriverIRQHandler
 .text.PIN_INT4_DriverIRQHandler
                0x00003b9c       0x12 CMakeFiles/new_project.elf.dir/Users/misaelcastillo/curso-lse/trabajo_integrador/sdks/integrador_sdk/devices/LPC845/drivers/fsl_pint.c.obj
                0x00003b9c                PIN_INT4_DriverIRQHandler
 .text.PIN_INT5_DAC1_IRQHandler
                0x00003bae       0x12 CMakeFiles/new_project.elf.dir/Users/misaelcastillo/curso-lse/trabajo_integrador/sdks/integrador_sdk/devices/LPC845/drivers/fsl_pint.c.obj
                0x00003bae                PIN_INT5_DAC1_IRQHandler
 .text.PIN_INT6_USART3_IRQHandler
                0x00003bc0       0x12 CMakeFiles/new_project.elf.dir/Users/misaelcastillo/curso-lse/trabajo_integrador/sdks/integrador_sdk/devices/LPC845/drivers/fsl_pint.c.obj
                0x00003bc0                PIN_INT6_USART3_IRQHandler
 .text.PIN_INT7_USART4_IRQHandler
                0x00003bd2       0x12 CMakeFiles/new_project.elf.dir/Users/misaelcastillo/curso-lse/trabajo_integrador/sdks/integrador_sdk/devices/LPC845/drivers/fsl_pint.c.obj
                0x00003bd2                PIN_INT7_USART4_IRQHandler
 .text.RESET_SetPeripheralReset
                0x00003be4       0x7c CMakeFiles/new_project.elf.dir/Users/misaelcastillo/curso-lse/trabajo_integrador/sdks/integrador_sdk/devices/LPC845/drivers/fsl_reset.c.obj
                0x00003be4                RESET_SetPeripheralReset
 .text.RESET_ClearPeripheralReset
                0x00003c60       0x78 CMakeFiles/new_project.elf.dir/Users/misaelcastillo/curso-lse/trabajo_integrador/sdks/integrador_sdk/devices/LPC845/drivers/fsl_reset.c.obj
                0x00003c60                RESET_ClearPeripheralReset
 .text.RESET_PeripheralReset
                0x00003cd8       0x20 CMakeFiles/new_project.elf.dir/Users/misaelcastillo/curso-lse/trabajo_integrador/sdks/integrador_sdk/devices/LPC845/drivers/fsl_reset.c.obj
                0x00003cd8                RESET_PeripheralReset
 .text.CLOCK_EnableClock
                0x00003cf8       0x54 CMakeFiles/new_project.elf.dir/Users/misaelcastillo/curso-lse/trabajo_integrador/sdks/integrador_sdk/devices/LPC845/drivers/fsl_sctimer.c.obj
 .text.SCTIMER_StartTimer
                0x00003d4c      0x108 CMakeFiles/new_project.elf.dir/Users/misaelcastillo/curso-lse/trabajo_integrador/sdks/integrador_sdk/devices/LPC845/drivers/fsl_sctimer.c.obj
 .text.SCTIMER_StopTimer
                0x00003e54      0x104 CMakeFiles/new_project.elf.dir/Users/misaelcastillo/curso-lse/trabajo_integrador/sdks/integrador_sdk/devices/LPC845/drivers/fsl_sctimer.c.obj
 .text.SCTIMER_SetupOutputSetAction
                0x00003f58       0x58 CMakeFiles/new_project.elf.dir/Users/misaelcastillo/curso-lse/trabajo_integrador/sdks/integrador_sdk/devices/LPC845/drivers/fsl_sctimer.c.obj
 .text.SCTIMER_SetupOutputClearAction
                0x00003fb0       0x5c CMakeFiles/new_project.elf.dir/Users/misaelcastillo/curso-lse/trabajo_integrador/sdks/integrador_sdk/devices/LPC845/drivers/fsl_sctimer.c.obj
 .text.SCTIMER_SetupCounterLimitAction
                0x0000400c       0xdc CMakeFiles/new_project.elf.dir/Users/misaelcastillo/curso-lse/trabajo_integrador/sdks/integrador_sdk/devices/LPC845/drivers/fsl_sctimer.c.obj
 .text.SCTIMER_GetInstance
                0x000040e8       0x5c CMakeFiles/new_project.elf.dir/Users/misaelcastillo/curso-lse/trabajo_integrador/sdks/integrador_sdk/devices/LPC845/drivers/fsl_sctimer.c.obj
 .text.SCTIMER_Init
                0x00004144      0x154 CMakeFiles/new_project.elf.dir/Users/misaelcastillo/curso-lse/trabajo_integrador/sdks/integrador_sdk/devices/LPC845/drivers/fsl_sctimer.c.obj
                0x00004144                SCTIMER_Init
 .text.SCTIMER_GetDefaultConfig
                0x00004298       0x70 CMakeFiles/new_project.elf.dir/Users/misaelcastillo/curso-lse/trabajo_integrador/sdks/integrador_sdk/devices/LPC845/drivers/fsl_sctimer.c.obj
                0x00004298                SCTIMER_GetDefaultConfig
 .text.SCTIMER_SetupPwm
                0x00004308      0x304 CMakeFiles/new_project.elf.dir/Users/misaelcastillo/curso-lse/trabajo_integrador/sdks/integrador_sdk/devices/LPC845/drivers/fsl_sctimer.c.obj
                0x00004308                SCTIMER_SetupPwm
 .text.SCTIMER_UpdatePwmDutycycle
                0x0000460c      0x1b8 CMakeFiles/new_project.elf.dir/Users/misaelcastillo/curso-lse/trabajo_integrador/sdks/integrador_sdk/devices/LPC845/drivers/fsl_sctimer.c.obj
                0x0000460c                SCTIMER_UpdatePwmDutycycle
 .text.SCTIMER_CreateAndScheduleEvent
                0x000047c4      0x248 CMakeFiles/new_project.elf.dir/Users/misaelcastillo/curso-lse/trabajo_integrador/sdks/integrador_sdk/devices/LPC845/drivers/fsl_sctimer.c.obj
                0x000047c4                SCTIMER_CreateAndScheduleEvent
 .text.SCTIMER_EventHandleIRQ
                0x00004a0c       0x74 CMakeFiles/new_project.elf.dir/Users/misaelcastillo/curso-lse/trabajo_integrador/sdks/integrador_sdk/devices/LPC845/drivers/fsl_sctimer.c.obj
                0x00004a0c                SCTIMER_EventHandleIRQ
 .text.SCT0_DriverIRQHandler
                0x00004a80       0x1c CMakeFiles/new_project.elf.dir/Users/misaelcastillo/curso-lse/trabajo_integrador/sdks/integrador_sdk/devices/LPC845/drivers/fsl_sctimer.c.obj
                0x00004a80                SCT0_DriverIRQHandler
 .text.SWM_SetMovablePinSelect
                0x00004a9c       0xa8 CMakeFiles/new_project.elf.dir/Users/misaelcastillo/curso-lse/trabajo_integrador/sdks/integrador_sdk/devices/LPC845/drivers/fsl_swm.c.obj
                0x00004a9c                SWM_SetMovablePinSelect
 .text.SWM_SetFixedPinSelect
                0x00004b44       0xac CMakeFiles/new_project.elf.dir/Users/misaelcastillo/curso-lse/trabajo_integrador/sdks/integrador_sdk/devices/LPC845/drivers/fsl_swm.c.obj
                0x00004b44                SWM_SetFixedPinSelect
 .text.fsl_assert_hook
                0x00004bf0       0x16 CMakeFiles/new_project.elf.dir/Users/misaelcastillo/curso-lse/trabajo_integrador/sdks/integrador_sdk/devices/LPC845/utilities/debug_console_lite/fsl_assert.c.obj
                0x00004bf0                fsl_assert_hook
 *fill*         0x00004c06        0x2 
 .text.__assert_func
                0x00004c08       0x34 CMakeFiles/new_project.elf.dir/Users/misaelcastillo/curso-lse/trabajo_integrador/sdks/integrador_sdk/devices/LPC845/utilities/debug_console_lite/fsl_assert.c.obj
                0x00004c08                __assert_func
 .text.DbgConsole_Init
                0x00004c3c       0xa8 CMakeFiles/new_project.elf.dir/Users/misaelcastillo/curso-lse/trabajo_integrador/sdks/integrador_sdk/devices/LPC845/utilities/debug_console_lite/fsl_debug_console.c.obj
                0x00004c3c                DbgConsole_Init
 .text.DbgConsole_Printf
                0x00004ce4       0x32 CMakeFiles/new_project.elf.dir/Users/misaelcastillo/curso-lse/trabajo_integrador/sdks/integrador_sdk/devices/LPC845/utilities/debug_console_lite/fsl_debug_console.c.obj
                0x00004ce4                DbgConsole_Printf
 *fill*         0x00004d16        0x2 
 .text.DbgConsole_Vprintf
                0x00004d18       0x40 CMakeFiles/new_project.elf.dir/Users/misaelcastillo/curso-lse/trabajo_integrador/sdks/integrador_sdk/devices/LPC845/utilities/debug_console_lite/fsl_debug_console.c.obj
                0x00004d18                DbgConsole_Vprintf
 .text.DbgConsole_Putchar
                0x00004d58       0x30 CMakeFiles/new_project.elf.dir/Users/misaelcastillo/curso-lse/trabajo_integrador/sdks/integrador_sdk/devices/LPC845/utilities/debug_console_lite/fsl_debug_console.c.obj
                0x00004d58                DbgConsole_Putchar
 .text.DbgConsole_PrintfPaddingCharacter
                0x00004d88       0x48 CMakeFiles/new_project.elf.dir/Users/misaelcastillo/curso-lse/trabajo_integrador/sdks/integrador_sdk/devices/LPC845/utilities/debug_console_lite/fsl_debug_console.c.obj
 .text.DbgConsole_ConvertRadixNumToString
                0x00004dd0       0xc2 CMakeFiles/new_project.elf.dir/Users/misaelcastillo/curso-lse/trabajo_integrador/sdks/integrador_sdk/devices/LPC845/utilities/debug_console_lite/fsl_debug_console.c.obj
 .text.DbgConsole_PrintfFormattedData
                0x00004e92      0x3da CMakeFiles/new_project.elf.dir/Users/misaelcastillo/curso-lse/trabajo_integrador/sdks/integrador_sdk/devices/LPC845/utilities/debug_console_lite/fsl_debug_console.c.obj
 .text.__muldi3
                0x0000526c       0x5c /Applications/MCUXpressoIDE_24.12.148/ide/plugins/com.nxp.mcuxpresso.tools.macosx_24.12.0.202407110909/tools/bin/../lib/gcc/arm-none-eabi/13.2.1/thumb/v6-m/nofp/libgcc.a(_muldi3.o)
                0x0000526c                __aeabi_lmul
                0x0000526c                __muldi3
 .text.__fixunssfsi
                0x000052c8       0x30 /Applications/MCUXpressoIDE_24.12.148/ide/plugins/com.nxp.mcuxpresso.tools.macosx_24.12.0.202407110909/tools/bin/../lib/gcc/arm-none-eabi/13.2.1/thumb/v6-m/nofp/libgcc.a(_fixunssfsi.o)
                0x000052c8                __aeabi_f2uiz
                0x000052c8                __fixunssfsi
 .text.__fixunsdfsi
                0x000052f8       0x3c /Applications/MCUXpressoIDE_24.12.148/ide/plugins/com.nxp.mcuxpresso.tools.macosx_24.12.0.202407110909/tools/bin/../lib/gcc/arm-none-eabi/13.2.1/thumb/v6-m/nofp/libgcc.a(_fixunsdfsi.o)
                0x000052f8                __fixunsdfsi
                0x000052f8                __aeabi_d2uiz
 .text.__udivmoddi4
                0x00005334      0x198 /Applications/MCUXpressoIDE_24.12.148/ide/plugins/com.nxp.mcuxpresso.tools.macosx_24.12.0.202407110909/tools/bin/../lib/gcc/arm-none-eabi/13.2.1/thumb/v6-m/nofp/libgcc.a(_udivmoddi4.o)
                0x00005334                __udivmoddi4
 .text.__aeabi_fsub
                0x000054cc      0x38c /Applications/MCUXpressoIDE_24.12.148/ide/plugins/com.nxp.mcuxpresso.tools.macosx_24.12.0.202407110909/tools/bin/../lib/gcc/arm-none-eabi/13.2.1/thumb/v6-m/nofp/libgcc.a(subsf3.o)
                0x000054cc                __aeabi_fsub
 .text.__aeabi_f2iz
                0x00005858       0x40 /Applications/MCUXpressoIDE_24.12.148/ide/plugins/com.nxp.mcuxpresso.tools.macosx_24.12.0.202407110909/tools/bin/../lib/gcc/arm-none-eabi/13.2.1/thumb/v6-m/nofp/libgcc.a(fixsfsi.o)
                0x00005858                __aeabi_f2iz
 .text.__aeabi_ddiv
                0x00005898      0x604 /Applications/MCUXpressoIDE_24.12.148/ide/plugins/com.nxp.mcuxpresso.tools.macosx_24.12.0.202407110909/tools/bin/../lib/gcc/arm-none-eabi/13.2.1/thumb/v6-m/nofp/libgcc.a(divdf3.o)
                0x00005898                __aeabi_ddiv
 .text.__aeabi_dmul
                0x00005e9c      0x598 /Applications/MCUXpressoIDE_24.12.148/ide/plugins/com.nxp.mcuxpresso.tools.macosx_24.12.0.202407110909/tools/bin/../lib/gcc/arm-none-eabi/13.2.1/thumb/v6-m/nofp/libgcc.a(muldf3.o)
                0x00005e9c                __aeabi_dmul
 .text.__aeabi_dsub
                0x00006434      0x710 /Applications/MCUXpressoIDE_24.12.148/ide/plugins/com.nxp.mcuxpresso.tools.macosx_24.12.0.202407110909/tools/bin/../lib/gcc/arm-none-eabi/13.2.1/thumb/v6-m/nofp/libgcc.a(subdf3.o)
                0x00006434                __aeabi_dsub
 .text.__aeabi_d2iz
                0x00006b44       0x78 /Applications/MCUXpressoIDE_24.12.148/ide/plugins/com.nxp.mcuxpresso.tools.macosx_24.12.0.202407110909/tools/bin/../lib/gcc/arm-none-eabi/13.2.1/thumb/v6-m/nofp/libgcc.a(fixdfsi.o)
                0x00006b44                __aeabi_d2iz
 .text.__aeabi_i2d
                0x00006bbc       0x5c /Applications/MCUXpressoIDE_24.12.148/ide/plugins/com.nxp.mcuxpresso.tools.macosx_24.12.0.202407110909/tools/bin/../lib/gcc/arm-none-eabi/13.2.1/thumb/v6-m/nofp/libgcc.a(floatsidf.o)
                0x00006bbc                __aeabi_i2d
 .text.__aeabi_d2f
                0x00006c18      0x10c /Applications/MCUXpressoIDE_24.12.148/ide/plugins/com.nxp.mcuxpresso.tools.macosx_24.12.0.202407110909/tools/bin/../lib/gcc/arm-none-eabi/13.2.1/thumb/v6-m/nofp/libgcc.a(truncdfsf2.o)
                0x00006c18                __aeabi_d2f
 .text.__eqsf2  0x00006d24       0x50 /Applications/MCUXpressoIDE_24.12.148/ide/plugins/com.nxp.mcuxpresso.tools.macosx_24.12.0.202407110909/tools/bin/../lib/gcc/arm-none-eabi/13.2.1/thumb/v6-m/nofp/libgcc.a(eqsf2.o)
                0x00006d24                __nesf2
                0x00006d24                __eqsf2
 .text.__gesf2  0x00006d74       0x94 /Applications/MCUXpressoIDE_24.12.148/ide/plugins/com.nxp.mcuxpresso.tools.macosx_24.12.0.202407110909/tools/bin/../lib/gcc/arm-none-eabi/13.2.1/thumb/v6-m/nofp/libgcc.a(gesf2.o)
                0x00006d74                __gtsf2
                0x00006d74                __gesf2
 .text.__lesf2  0x00006e08       0x90 /Applications/MCUXpressoIDE_24.12.148/ide/plugins/com.nxp.mcuxpresso.tools.macosx_24.12.0.202407110909/tools/bin/../lib/gcc/arm-none-eabi/13.2.1/thumb/v6-m/nofp/libgcc.a(lesf2.o)
                0x00006e08                __lesf2
                0x00006e08                __ltsf2
 .text.__eqdf2  0x00006e98       0x88 /Applications/MCUXpressoIDE_24.12.148/ide/plugins/com.nxp.mcuxpresso.tools.macosx_24.12.0.202407110909/tools/bin/../lib/gcc/arm-none-eabi/13.2.1/thumb/v6-m/nofp/libgcc.a(eqdf2.o)
                0x00006e98                __eqdf2
                0x00006e98                __nedf2
 .text.__gedf2  0x00006f20       0xe0 /Applications/MCUXpressoIDE_24.12.148/ide/plugins/com.nxp.mcuxpresso.tools.macosx_24.12.0.202407110909/tools/bin/../lib/gcc/arm-none-eabi/13.2.1/thumb/v6-m/nofp/libgcc.a(gedf2.o)
                0x00006f20                __gtdf2
                0x00006f20                __gedf2
 .text.__ledf2  0x00007000       0xdc /Applications/MCUXpressoIDE_24.12.148/ide/plugins/com.nxp.mcuxpresso.tools.macosx_24.12.0.202407110909/tools/bin/../lib/gcc/arm-none-eabi/13.2.1/thumb/v6-m/nofp/libgcc.a(ledf2.o)
                0x00007000                __ltdf2
                0x00007000                __ledf2
 .text.exit     0x000070dc       0x28 /Applications/MCUXpressoIDE_24.12.148/ide/plugins/com.nxp.mcuxpresso.tools.macosx_24.12.0.202407110909/tools/bin/../lib/gcc/arm-none-eabi/13.2.1/../../../../arm-none-eabi/lib/thumb/v6-m/nofp/libc_nano.a(libc_a-exit.o)
                0x000070dc                exit
 .text.memset   0x00007104       0x10 /Applications/MCUXpressoIDE_24.12.148/ide/plugins/com.nxp.mcuxpresso.tools.macosx_24.12.0.202407110909/tools/bin/../lib/gcc/arm-none-eabi/13.2.1/../../../../arm-none-eabi/lib/thumb/v6-m/nofp/libc_nano.a(libc_a-memset.o)
                0x00007104                memset
 .text.__libc_init_array
                0x00007114       0x48 /Applications/MCUXpressoIDE_24.12.148/ide/plugins/com.nxp.mcuxpresso.tools.macosx_24.12.0.202407110909/tools/bin/../lib/gcc/arm-none-eabi/13.2.1/../../../../arm-none-eabi/lib/thumb/v6-m/nofp/libc_nano.a(libc_a-init.o)
                0x00007114                __libc_init_array
 .text.memcpy   0x0000715c       0x12 /Applications/MCUXpressoIDE_24.12.148/ide/plugins/com.nxp.mcuxpresso.tools.macosx_24.12.0.202407110909/tools/bin/../lib/gcc/arm-none-eabi/13.2.1/../../../../arm-none-eabi/lib/thumb/v6-m/nofp/libc_nano.a(libc_a-memcpy-stub.o)
                0x0000715c                memcpy
 .text._exit    0x0000716e        0x2 /Applications/MCUXpressoIDE_24.12.148/ide/plugins/com.nxp.mcuxpresso.tools.macosx_24.12.0.202407110909/tools/bin/../lib/gcc/arm-none-eabi/13.2.1/../../../../arm-none-eabi/lib/thumb/v6-m/nofp/libcr_newlib_nohost.a(_exit.o)
                0x0000716e                _exit
 .text.xQueueGenericReset
                0x00007170      0x116 freertos/libfreertos.a(queue.c.obj)
                0x00007170                xQueueGenericReset
 .text.xQueueGenericCreate
                0x00007286       0xbe freertos/libfreertos.a(queue.c.obj)
                0x00007286                xQueueGenericCreate
 .text.prvInitialiseNewQueue
                0x00007344       0x4e freertos/libfreertos.a(queue.c.obj)
 .text.xQueueCreateCountingSemaphore
                0x00007392       0x50 freertos/libfreertos.a(queue.c.obj)
                0x00007392                xQueueCreateCountingSemaphore
 .text.xQueueGenericSend
                0x000073e2      0x172 freertos/libfreertos.a(queue.c.obj)
                0x000073e2                xQueueGenericSend
 .text.xQueueGenericSendFromISR
                0x00007554      0x114 freertos/libfreertos.a(queue.c.obj)
                0x00007554                xQueueGenericSendFromISR
 .text.xQueueSemaphoreTake
                0x00007668      0x192 freertos/libfreertos.a(queue.c.obj)
                0x00007668                xQueueSemaphoreTake
 .text.xQueuePeek
                0x000077fa      0x156 freertos/libfreertos.a(queue.c.obj)
                0x000077fa                xQueuePeek
 .text.uxQueueMessagesWaiting
                0x00007950       0x2c freertos/libfreertos.a(queue.c.obj)
                0x00007950                uxQueueMessagesWaiting
 .text.prvGetDisinheritPriorityAfterTimeout
                0x0000797c       0x2c freertos/libfreertos.a(queue.c.obj)
 .text.prvCopyDataToQueue
                0x000079a8       0xd6 freertos/libfreertos.a(queue.c.obj)
 .text.prvCopyDataFromQueue
                0x00007a7e       0x4c freertos/libfreertos.a(queue.c.obj)
 .text.prvUnlockQueue
                0x00007aca       0xbc freertos/libfreertos.a(queue.c.obj)
 .text.prvIsQueueEmpty
                0x00007b86       0x2c freertos/libfreertos.a(queue.c.obj)
 .text.prvIsQueueFull
                0x00007bb2       0x30 freertos/libfreertos.a(queue.c.obj)
 .text.prvCreateTask
                0x00007be2       0x82 freertos/libfreertos.a(tasks.c.obj)
 .text.xTaskCreate
                0x00007c64       0x4c freertos/libfreertos.a(tasks.c.obj)
                0x00007c64                xTaskCreate
 .text.prvInitialiseNewTask
                0x00007cb0      0x108 freertos/libfreertos.a(tasks.c.obj)
 .text.prvAddNewTaskToReadyList
                0x00007db8      0x120 freertos/libfreertos.a(tasks.c.obj)
 .text.vTaskDelete
                0x00007ed8       0xec freertos/libfreertos.a(tasks.c.obj)
                0x00007ed8                vTaskDelete
 .text.vTaskDelay
                0x00007fc4       0x4c freertos/libfreertos.a(tasks.c.obj)
                0x00007fc4                vTaskDelay
 .text.prvCreateIdleTasks
                0x00008010       0x98 freertos/libfreertos.a(tasks.c.obj)
 .text.vTaskStartScheduler
                0x000080a8       0x58 freertos/libfreertos.a(tasks.c.obj)
                0x000080a8                vTaskStartScheduler
 .text.vTaskSuspendAll
                0x00008100       0x18 freertos/libfreertos.a(tasks.c.obj)
                0x00008100                vTaskSuspendAll
 .text.prvGetExpectedIdleTime
                0x00008118       0x70 freertos/libfreertos.a(tasks.c.obj)
 .text.xTaskResumeAll
                0x00008188      0x1ec freertos/libfreertos.a(tasks.c.obj)
                0x00008188                xTaskResumeAll
 .text.xTaskGetTickCount
                0x00008374       0x1c freertos/libfreertos.a(tasks.c.obj)
                0x00008374                xTaskGetTickCount
 .text.uxTaskGetNumberOfTasks
                0x00008390       0x14 freertos/libfreertos.a(tasks.c.obj)
                0x00008390                uxTaskGetNumberOfTasks
 .text.vTaskStepTick
                0x000083a4       0x84 freertos/libfreertos.a(tasks.c.obj)
                0x000083a4                vTaskStepTick
 .text.xTaskIncrementTick
                0x00008428      0x21c freertos/libfreertos.a(tasks.c.obj)
                0x00008428                xTaskIncrementTick
 .text.vTaskSwitchContext
                0x00008644       0xa8 freertos/libfreertos.a(tasks.c.obj)
                0x00008644                vTaskSwitchContext
 .text.vTaskPlaceOnEventList
                0x000086ec       0x40 freertos/libfreertos.a(tasks.c.obj)
                0x000086ec                vTaskPlaceOnEventList
 .text.xTaskRemoveFromEventList
                0x0000872c      0x1a0 freertos/libfreertos.a(tasks.c.obj)
                0x0000872c                xTaskRemoveFromEventList
 .text.vTaskInternalSetTimeOutState
                0x000088cc       0x28 freertos/libfreertos.a(tasks.c.obj)
                0x000088cc                vTaskInternalSetTimeOutState
 .text.xTaskCheckForTimeOut
                0x000088f4       0xac freertos/libfreertos.a(tasks.c.obj)
                0x000088f4                xTaskCheckForTimeOut
 .text.vTaskMissedYield
                0x000089a0       0x14 freertos/libfreertos.a(tasks.c.obj)
                0x000089a0                vTaskMissedYield
 .text.prvIdleTask
                0x000089b4       0x64 freertos/libfreertos.a(tasks.c.obj)
 .text.eTaskConfirmSleepModeStatus
                0x00008a18       0x78 freertos/libfreertos.a(tasks.c.obj)
                0x00008a18                eTaskConfirmSleepModeStatus
 .text.prvInitialiseTaskLists
                0x00008a90       0x88 freertos/libfreertos.a(tasks.c.obj)
 .text.prvCheckTasksWaitingTermination
                0x00008b18       0x5c freertos/libfreertos.a(tasks.c.obj)
 .text.prvDeleteTCB
                0x00008b74       0x22 freertos/libfreertos.a(tasks.c.obj)
 *fill*         0x00008b96        0x2 
 .text.prvResetNextTaskUnblockTime
                0x00008b98       0x34 freertos/libfreertos.a(tasks.c.obj)
 .text.xTaskPriorityInherit
                0x00008bcc      0x124 freertos/libfreertos.a(tasks.c.obj)
                0x00008bcc                xTaskPriorityInherit
 .text.xTaskPriorityDisinherit
                0x00008cf0      0x10c freertos/libfreertos.a(tasks.c.obj)
                0x00008cf0                xTaskPriorityDisinherit
 .text.vTaskPriorityDisinheritAfterTimeout
                0x00008dfc      0x134 freertos/libfreertos.a(tasks.c.obj)
                0x00008dfc                vTaskPriorityDisinheritAfterTimeout
 .text.pvTaskIncrementMutexHeldCount
                0x00008f30       0x2c freertos/libfreertos.a(tasks.c.obj)
                0x00008f30                pvTaskIncrementMutexHeldCount
 .text.prvAddCurrentTaskToDelayedList
                0x00008f5c       0xe4 freertos/libfreertos.a(tasks.c.obj)
 .text.pvPortMalloc
                0x00009040      0x140 freertos/libfreertos.a(heap_2.c.obj)
                0x00009040                pvPortMalloc
 .text.vPortFree
                0x00009180       0xac freertos/libfreertos.a(heap_2.c.obj)
                0x00009180                vPortFree
 .text.prvHeapInit
                0x0000922c       0x50 freertos/libfreertos.a(heap_2.c.obj)
 .text.pxPortInitialiseStack
                0x0000927c       0x54 freertos/libfreertos.a(port.c.obj)
                0x0000927c                pxPortInitialiseStack
 .text.prvTaskExitError
                0x000092d0       0x30 freertos/libfreertos.a(port.c.obj)
 .text.SVC_Handler
                0x00009300        0xa freertos/libfreertos.a(port.c.obj)
                0x00009300                SVC_Handler
 *fill*         0x0000930a        0x6 
 .text.vPortStartFirstTask
                0x00009310       0x38 freertos/libfreertos.a(port.c.obj)
 .text.xPortStartScheduler
                0x00009348       0x48 freertos/libfreertos.a(port.c.obj)
                0x00009348                xPortStartScheduler
 .text.vPortYield
                0x00009390       0x20 freertos/libfreertos.a(port.c.obj)
                0x00009390                vPortYield
 .text.vPortEnterCritical
                0x000093b0       0x24 freertos/libfreertos.a(port.c.obj)
                0x000093b0                vPortEnterCritical
 .text.vPortExitCritical
                0x000093d4       0x30 freertos/libfreertos.a(port.c.obj)
                0x000093d4                vPortExitCritical
 .text.ulSetInterruptMaskFromISR
                0x00009404        0xc freertos/libfreertos.a(port.c.obj)
                0x00009404                ulSetInterruptMaskFromISR
 .text.vClearInterruptMaskFromISR
                0x00009410        0x8 freertos/libfreertos.a(port.c.obj)
                0x00009410                vClearInterruptMaskFromISR
 *fill*         0x00009418        0x8 
 .text.PendSV_Handler
                0x00009420       0x48 freertos/libfreertos.a(port.c.obj)
                0x00009420                PendSV_Handler
 .text.SysTick_Handler
                0x00009468       0x34 freertos/libfreertos.a(port.c.obj)
                0x00009468                SysTick_Handler
 .text.vPortSetupTimerInterrupt
                0x0000949c       0x84 freertos/libfreertos.a(port.c.obj)
                0x0000949c                vPortSetupTimerInterrupt
 .text.vPortSuppressTicksAndSleep
                0x00009520      0x194 freertos/libfreertos.a(port.c.obj)
                0x00009520                vPortSuppressTicksAndSleep
 .text.vListInitialise
                0x000096b4       0x3c freertos/libfreertos.a(list.c.obj)
                0x000096b4                vListInitialise
 .text.vListInitialiseItem
                0x000096f0       0x16 freertos/libfreertos.a(list.c.obj)
                0x000096f0                vListInitialiseItem
 .text.vListInsertEnd
                0x00009706       0x44 freertos/libfreertos.a(list.c.obj)
                0x00009706                vListInsertEnd
 .text.vListInsert
                0x0000974a       0x6c freertos/libfreertos.a(list.c.obj)
                0x0000974a                vListInsert
 .text.uxListRemove
                0x000097b6       0x50 freertos/libfreertos.a(list.c.obj)
                0x000097b6                uxListRemove
 *(.rodata)
 *fill*         0x00009806        0x2 
 .rodata        0x00009808       0x62 CMakeFiles/new_project.elf.dir/Users/misaelcastillo/curso-lse/trabajo_integrador/integrador/main.c.obj
 *fill*         0x0000986a        0x2 
 .rodata        0x0000986c       0x62 CMakeFiles/new_project.elf.dir/Users/misaelcastillo/curso-lse/trabajo_integrador/integrador/board.c.obj
 *fill*         0x000098ce        0x2 
 .rodata        0x000098d0       0x78 CMakeFiles/new_project.elf.dir/Users/misaelcastillo/curso-lse/trabajo_integrador/integrador/clock_config.c.obj
 .rodata        0x00009948       0xd1 CMakeFiles/new_project.elf.dir/Users/misaelcastillo/curso-lse/trabajo_integrador/integrador/app_tasks.c.obj
 *fill*         0x00009a19        0x3 
 .rodata        0x00009a1c      0x1e4 CMakeFiles/new_project.elf.dir/Users/misaelcastillo/curso-lse/trabajo_integrador/integrador/wrappers.c.obj
 .rodata        0x00009c00      0x10b CMakeFiles/new_project.elf.dir/Users/misaelcastillo/curso-lse/trabajo_integrador/sdks/integrador_sdk/components/uart/fsl_adapter_miniusart.c.obj
 *fill*         0x00009d0b        0x1 
 .rodata        0x00009d0c       0xcc CMakeFiles/new_project.elf.dir/Users/misaelcastillo/curso-lse/trabajo_integrador/sdks/integrador_sdk/devices/LPC845/drivers/fsl_clock.c.obj
 .rodata        0x00009dd8       0x83 CMakeFiles/new_project.elf.dir/Users/misaelcastillo/curso-lse/trabajo_integrador/sdks/integrador_sdk/devices/LPC845/drivers/fsl_common_arm.c.obj
 *fill*         0x00009e5b        0x1 
 .rodata        0x00009e5c       0xd4 CMakeFiles/new_project.elf.dir/Users/misaelcastillo/curso-lse/trabajo_integrador/sdks/integrador_sdk/devices/LPC845/drivers/fsl_adc.c.obj
 .rodata        0x00009f30       0x8d CMakeFiles/new_project.elf.dir/Users/misaelcastillo/curso-lse/trabajo_integrador/sdks/integrador_sdk/devices/LPC845/drivers/fsl_gpio.c.obj
 *fill*         0x00009fbd        0x3 
 .rodata        0x00009fc0      0x180 CMakeFiles/new_project.elf.dir/Users/misaelcastillo/curso-lse/trabajo_integrador/sdks/integrador_sdk/devices/LPC845/drivers/fsl_i2c.c.obj
 .rodata        0x0000a140      0x2ab CMakeFiles/new_project.elf.dir/Users/misaelcastillo/curso-lse/trabajo_integrador/sdks/integrador_sdk/devices/LPC845/drivers/fsl_usart.c.obj
 *fill*         0x0000a3eb        0x1 
 .rodata        0x0000a3ec       0x7a CMakeFiles/new_project.elf.dir/Users/misaelcastillo/curso-lse/trabajo_integrador/sdks/integrador_sdk/devices/LPC845/drivers/fsl_reset.c.obj
 *fill*         0x0000a466        0x2 
 .rodata        0x0000a468      0x287 CMakeFiles/new_project.elf.dir/Users/misaelcastillo/curso-lse/trabajo_integrador/sdks/integrador_sdk/devices/LPC845/drivers/fsl_sctimer.c.obj
 *fill*         0x0000a6ef        0x1 
 .rodata        0x0000a6f0       0x96 CMakeFiles/new_project.elf.dir/Users/misaelcastillo/curso-lse/trabajo_integrador/sdks/integrador_sdk/devices/LPC845/drivers/fsl_swm.c.obj
 *fill*         0x0000a786        0x2 
 .rodata        0x0000a788       0x3e CMakeFiles/new_project.elf.dir/Users/misaelcastillo/curso-lse/trabajo_integrador/sdks/integrador_sdk/devices/LPC845/utilities/debug_console_lite/fsl_assert.c.obj
 *fill*         0x0000a7c6        0x2 
 .rodata        0x0000a7c8        0x5 freertos/libfreertos.a(tasks.c.obj)
 *(.rodata*)
 *fill*         0x0000a7cd        0x3 
 .rodata.__func__.0
                0x0000a7d0       0x17 CMakeFiles/new_project.elf.dir/Users/misaelcastillo/curso-lse/trabajo_integrador/integrador/board.c.obj
 *fill*         0x0000a7e7        0x1 
 .rodata.__func__.0
                0x0000a7e8       0x17 CMakeFiles/new_project.elf.dir/Users/misaelcastillo/curso-lse/trabajo_integrador/integrador/clock_config.c.obj
 *fill*         0x0000a7ff        0x1 
 .rodata.__func__.0
                0x0000a800       0x13 CMakeFiles/new_project.elf.dir/Users/misaelcastillo/curso-lse/trabajo_integrador/integrador/wrappers.c.obj
 *fill*         0x0000a813        0x1 
 .rodata.s_UsartAdapterBase
                0x0000a814       0x14 CMakeFiles/new_project.elf.dir/Users/misaelcastillo/curso-lse/trabajo_integrador/sdks/integrador_sdk/components/uart/fsl_adapter_miniusart.c.obj
 .rodata.__func__.5
                0x0000a828        0xd CMakeFiles/new_project.elf.dir/Users/misaelcastillo/curso-lse/trabajo_integrador/sdks/integrador_sdk/components/uart/fsl_adapter_miniusart.c.obj
 *fill*         0x0000a835        0x3 
 .rodata.__func__.3
                0x0000a838       0x18 CMakeFiles/new_project.elf.dir/Users/misaelcastillo/curso-lse/trabajo_integrador/sdks/integrador_sdk/components/uart/fsl_adapter_miniusart.c.obj
 .rodata.__func__.2
                0x0000a850       0x15 CMakeFiles/new_project.elf.dir/Users/misaelcastillo/curso-lse/trabajo_integrador/sdks/integrador_sdk/components/uart/fsl_adapter_miniusart.c.obj
 *fill*         0x0000a865        0x3 
 .rodata.CLOCK_GetFreq
                0x0000a868       0x24 CMakeFiles/new_project.elf.dir/Users/misaelcastillo/curso-lse/trabajo_integrador/sdks/integrador_sdk/devices/LPC845/drivers/fsl_clock.c.obj
 .rodata.__func__.2
                0x0000a88c       0x13 CMakeFiles/new_project.elf.dir/Users/misaelcastillo/curso-lse/trabajo_integrador/sdks/integrador_sdk/devices/LPC845/drivers/fsl_clock.c.obj
 *fill*         0x0000a89f        0x1 
 .rodata.__func__.0
                0x0000a8a0       0x13 CMakeFiles/new_project.elf.dir/Users/misaelcastillo/curso-lse/trabajo_integrador/sdks/integrador_sdk/devices/LPC845/drivers/fsl_common_arm.c.obj
 *fill*         0x0000a8b3        0x1 
 .rodata.__func__.7
                0x0000a8b4       0x10 CMakeFiles/new_project.elf.dir/Users/misaelcastillo/curso-lse/trabajo_integrador/sdks/integrador_sdk/devices/LPC845/drivers/fsl_adc.c.obj
 .rodata.__func__.6
                0x0000a8c4        0x9 CMakeFiles/new_project.elf.dir/Users/misaelcastillo/curso-lse/trabajo_integrador/sdks/integrador_sdk/devices/LPC845/drivers/fsl_adc.c.obj
 *fill*         0x0000a8cd        0x3 
 .rodata.__func__.5
                0x0000a8d0       0x16 CMakeFiles/new_project.elf.dir/Users/misaelcastillo/curso-lse/trabajo_integrador/sdks/integrador_sdk/devices/LPC845/drivers/fsl_adc.c.obj
 *fill*         0x0000a8e6        0x2 
 .rodata.__func__.4
                0x0000a8e8       0x16 CMakeFiles/new_project.elf.dir/Users/misaelcastillo/curso-lse/trabajo_integrador/sdks/integrador_sdk/devices/LPC845/drivers/fsl_adc.c.obj
 *fill*         0x0000a8fe        0x2 
 .rodata.__func__.0
                0x0000a900       0x1f CMakeFiles/new_project.elf.dir/Users/misaelcastillo/curso-lse/trabajo_integrador/sdks/integrador_sdk/devices/LPC845/drivers/fsl_adc.c.obj
 *fill*         0x0000a91f        0x1 
 .rodata.s_gpioClockName
                0x0000a920        0x4 CMakeFiles/new_project.elf.dir/Users/misaelcastillo/curso-lse/trabajo_integrador/sdks/integrador_sdk/devices/LPC845/drivers/fsl_gpio.c.obj
 .rodata.s_gpioResets
                0x0000a924        0x8 CMakeFiles/new_project.elf.dir/Users/misaelcastillo/curso-lse/trabajo_integrador/sdks/integrador_sdk/devices/LPC845/drivers/fsl_gpio.c.obj
 .rodata.__func__.0
                0x0000a92c       0x15 CMakeFiles/new_project.elf.dir/Users/misaelcastillo/curso-lse/trabajo_integrador/sdks/integrador_sdk/devices/LPC845/drivers/fsl_gpio.c.obj
 *fill*         0x0000a941        0x3 
 .rodata.s_i2cBases
                0x0000a944       0x10 CMakeFiles/new_project.elf.dir/Users/misaelcastillo/curso-lse/trabajo_integrador/sdks/integrador_sdk/devices/LPC845/drivers/fsl_i2c.c.obj
 .rodata.s_i2cClocks
                0x0000a954        0x8 CMakeFiles/new_project.elf.dir/Users/misaelcastillo/curso-lse/trabajo_integrador/sdks/integrador_sdk/devices/LPC845/drivers/fsl_i2c.c.obj
 .rodata.s_i2cResets
                0x0000a95c       0x10 CMakeFiles/new_project.elf.dir/Users/misaelcastillo/curso-lse/trabajo_integrador/sdks/integrador_sdk/devices/LPC845/drivers/fsl_i2c.c.obj
 .rodata.__func__.13
                0x0000a96c       0x10 CMakeFiles/new_project.elf.dir/Users/misaelcastillo/curso-lse/trabajo_integrador/sdks/integrador_sdk/devices/LPC845/drivers/fsl_i2c.c.obj
 .rodata.__func__.12
                0x0000a97c       0x16 CMakeFiles/new_project.elf.dir/Users/misaelcastillo/curso-lse/trabajo_integrador/sdks/integrador_sdk/devices/LPC845/drivers/fsl_i2c.c.obj
 *fill*         0x0000a992        0x2 
 .rodata.__func__.11
                0x0000a994       0x18 CMakeFiles/new_project.elf.dir/Users/misaelcastillo/curso-lse/trabajo_integrador/sdks/integrador_sdk/devices/LPC845/drivers/fsl_i2c.c.obj
 .rodata.__func__.10
                0x0000a9ac       0x17 CMakeFiles/new_project.elf.dir/Users/misaelcastillo/curso-lse/trabajo_integrador/sdks/integrador_sdk/devices/LPC845/drivers/fsl_i2c.c.obj
 *fill*         0x0000a9c3        0x1 
 .rodata.s_usartBaseAddrs
                0x0000a9c4       0x14 CMakeFiles/new_project.elf.dir/Users/misaelcastillo/curso-lse/trabajo_integrador/sdks/integrador_sdk/devices/LPC845/drivers/fsl_usart.c.obj
 .rodata.s_usartClock
                0x0000a9d8        0xa CMakeFiles/new_project.elf.dir/Users/misaelcastillo/curso-lse/trabajo_integrador/sdks/integrador_sdk/devices/LPC845/drivers/fsl_usart.c.obj
 *fill*         0x0000a9e2        0x2 
 .rodata.s_usartRest
                0x0000a9e4       0x14 CMakeFiles/new_project.elf.dir/Users/misaelcastillo/curso-lse/trabajo_integrador/sdks/integrador_sdk/devices/LPC845/drivers/fsl_usart.c.obj
 .rodata.__func__.18
                0x0000a9f8       0x12 CMakeFiles/new_project.elf.dir/Users/misaelcastillo/curso-lse/trabajo_integrador/sdks/integrador_sdk/devices/LPC845/drivers/fsl_usart.c.obj
 *fill*         0x0000aa0a        0x2 
 .rodata.__func__.13
                0x0000aa0c        0xb CMakeFiles/new_project.elf.dir/Users/misaelcastillo/curso-lse/trabajo_integrador/sdks/integrador_sdk/devices/LPC845/drivers/fsl_usart.c.obj
 *fill*         0x0000aa17        0x1 
 .rodata.__func__.11
                0x0000aa18       0x17 CMakeFiles/new_project.elf.dir/Users/misaelcastillo/curso-lse/trabajo_integrador/sdks/integrador_sdk/devices/LPC845/drivers/fsl_usart.c.obj
 *fill*         0x0000aa2f        0x1 
 .rodata.__func__.10
                0x0000aa30       0x12 CMakeFiles/new_project.elf.dir/Users/misaelcastillo/curso-lse/trabajo_integrador/sdks/integrador_sdk/devices/LPC845/drivers/fsl_usart.c.obj
 *fill*         0x0000aa42        0x2 
 .rodata.__func__.9
                0x0000aa44       0x14 CMakeFiles/new_project.elf.dir/Users/misaelcastillo/curso-lse/trabajo_integrador/sdks/integrador_sdk/devices/LPC845/drivers/fsl_usart.c.obj
 .rodata.__func__.8
                0x0000aa58       0x13 CMakeFiles/new_project.elf.dir/Users/misaelcastillo/curso-lse/trabajo_integrador/sdks/integrador_sdk/devices/LPC845/drivers/fsl_usart.c.obj
 *fill*         0x0000aa6b        0x1 
 .rodata.__func__.1
                0x0000aa6c       0x19 CMakeFiles/new_project.elf.dir/Users/misaelcastillo/curso-lse/trabajo_integrador/sdks/integrador_sdk/devices/LPC845/drivers/fsl_reset.c.obj
 *fill*         0x0000aa85        0x3 
 .rodata.__func__.0
                0x0000aa88       0x1b CMakeFiles/new_project.elf.dir/Users/misaelcastillo/curso-lse/trabajo_integrador/sdks/integrador_sdk/devices/LPC845/drivers/fsl_reset.c.obj
 *fill*         0x0000aaa3        0x1 
 .rodata.__func__.10
                0x0000aaa4       0x14 CMakeFiles/new_project.elf.dir/Users/misaelcastillo/curso-lse/trabajo_integrador/sdks/integrador_sdk/devices/LPC845/drivers/fsl_sctimer.c.obj
 .rodata.__func__.9
                0x0000aab8        0xd CMakeFiles/new_project.elf.dir/Users/misaelcastillo/curso-lse/trabajo_integrador/sdks/integrador_sdk/devices/LPC845/drivers/fsl_sctimer.c.obj
 *fill*         0x0000aac5        0x3 
 .rodata.__func__.8
                0x0000aac8       0x19 CMakeFiles/new_project.elf.dir/Users/misaelcastillo/curso-lse/trabajo_integrador/sdks/integrador_sdk/devices/LPC845/drivers/fsl_sctimer.c.obj
 *fill*         0x0000aae1        0x3 
 .rodata.__func__.7
                0x0000aae4       0x11 CMakeFiles/new_project.elf.dir/Users/misaelcastillo/curso-lse/trabajo_integrador/sdks/integrador_sdk/devices/LPC845/drivers/fsl_sctimer.c.obj
 *fill*         0x0000aaf5        0x3 
 .rodata.__func__.6
                0x0000aaf8       0x20 CMakeFiles/new_project.elf.dir/Users/misaelcastillo/curso-lse/trabajo_integrador/sdks/integrador_sdk/devices/LPC845/drivers/fsl_sctimer.c.obj
 .rodata.__func__.5
                0x0000ab18       0x1f CMakeFiles/new_project.elf.dir/Users/misaelcastillo/curso-lse/trabajo_integrador/sdks/integrador_sdk/devices/LPC845/drivers/fsl_sctimer.c.obj
 *fill*         0x0000ab37        0x1 
 .rodata.__func__.4
                0x0000ab38       0x1d CMakeFiles/new_project.elf.dir/Users/misaelcastillo/curso-lse/trabajo_integrador/sdks/integrador_sdk/devices/LPC845/drivers/fsl_sctimer.c.obj
 *fill*         0x0000ab55        0x3 
 .rodata.__func__.3
                0x0000ab58       0x1b CMakeFiles/new_project.elf.dir/Users/misaelcastillo/curso-lse/trabajo_integrador/sdks/integrador_sdk/devices/LPC845/drivers/fsl_sctimer.c.obj
 *fill*         0x0000ab73        0x1 
 .rodata.__func__.2
                0x0000ab74       0x12 CMakeFiles/new_project.elf.dir/Users/misaelcastillo/curso-lse/trabajo_integrador/sdks/integrador_sdk/devices/LPC845/drivers/fsl_sctimer.c.obj
 *fill*         0x0000ab86        0x2 
 .rodata.__func__.1
                0x0000ab88       0x13 CMakeFiles/new_project.elf.dir/Users/misaelcastillo/curso-lse/trabajo_integrador/sdks/integrador_sdk/devices/LPC845/drivers/fsl_sctimer.c.obj
 *fill*         0x0000ab9b        0x1 
 .rodata.__func__.1
                0x0000ab9c       0x18 CMakeFiles/new_project.elf.dir/Users/misaelcastillo/curso-lse/trabajo_integrador/sdks/integrador_sdk/devices/LPC845/drivers/fsl_swm.c.obj
 .rodata.__func__.0
                0x0000abb4       0x16 CMakeFiles/new_project.elf.dir/Users/misaelcastillo/curso-lse/trabajo_integrador/sdks/integrador_sdk/devices/LPC845/drivers/fsl_swm.c.obj
 *fill*         0x0000abca        0x2 
 .rodata.__aeabi_ddiv
                0x0000abcc       0x40 /Applications/MCUXpressoIDE_24.12.148/ide/plugins/com.nxp.mcuxpresso.tools.macosx_24.12.0.202407110909/tools/bin/../lib/gcc/arm-none-eabi/13.2.1/thumb/v6-m/nofp/libgcc.a(divdf3.o)
 .rodata.uxTopUsedPriority
                0x0000ac0c        0x4 freertos/libfreertos.a(tasks.c.obj)
 *(.glue_7)
 .glue_7        0x0000ac10        0x0 linker stubs
 *(.glue_7t)
 .glue_7t       0x0000ac10        0x0 linker stubs
 *(.eh_frame)
 .eh_frame      0x0000ac10        0x0 /Applications/MCUXpressoIDE_24.12.148/ide/plugins/com.nxp.mcuxpresso.tools.macosx_24.12.0.202407110909/tools/bin/../lib/gcc/arm-none-eabi/13.2.1/thumb/v6-m/nofp/crtbegin.o
 *(.init)
 .init          0x0000ac10        0x4 /Applications/MCUXpressoIDE_24.12.148/ide/plugins/com.nxp.mcuxpresso.tools.macosx_24.12.0.202407110909/tools/bin/../lib/gcc/arm-none-eabi/13.2.1/thumb/v6-m/nofp/crti.o
                0x0000ac10                _init
 .init          0x0000ac14        0x8 /Applications/MCUXpressoIDE_24.12.148/ide/plugins/com.nxp.mcuxpresso.tools.macosx_24.12.0.202407110909/tools/bin/../lib/gcc/arm-none-eabi/13.2.1/thumb/v6-m/nofp/crtn.o
 *(.fini)
 .fini          0x0000ac1c        0x4 /Applications/MCUXpressoIDE_24.12.148/ide/plugins/com.nxp.mcuxpresso.tools.macosx_24.12.0.202407110909/tools/bin/../lib/gcc/arm-none-eabi/13.2.1/thumb/v6-m/nofp/crti.o
                0x0000ac1c                _fini
 .fini          0x0000ac20        0x8 /Applications/MCUXpressoIDE_24.12.148/ide/plugins/com.nxp.mcuxpresso.tools.macosx_24.12.0.202407110909/tools/bin/../lib/gcc/arm-none-eabi/13.2.1/thumb/v6-m/nofp/crtn.o
                0x0000ac28                        . = ALIGN (0x4)

.vfp11_veneer   0x0000ac28        0x0
 .vfp11_veneer  0x0000ac28        0x0 linker stubs

.v4_bx          0x0000ac28        0x0
 .v4_bx         0x0000ac28        0x0 linker stubs

.iplt           0x0000ac28        0x0
 .iplt          0x0000ac28        0x0 /Applications/MCUXpressoIDE_24.12.148/ide/plugins/com.nxp.mcuxpresso.tools.macosx_24.12.0.202407110909/tools/bin/../lib/gcc/arm-none-eabi/13.2.1/thumb/v6-m/nofp/crtbegin.o

.ARM.extab
 *(.ARM.extab* .gnu.linkonce.armextab.*)

.ARM            0x0000ac28        0x8
                0x0000ac28                        __exidx_start = .
 *(.ARM.exidx*)
 .ARM.exidx     0x0000ac28        0x8 /Applications/MCUXpressoIDE_24.12.148/ide/plugins/com.nxp.mcuxpresso.tools.macosx_24.12.0.202407110909/tools/bin/../lib/gcc/arm-none-eabi/13.2.1/../../../../arm-none-eabi/lib/thumb/v6-m/nofp/crt0.o
                                 0x10 (size before relaxing)
 .ARM.exidx.text.__udivmoddi4
                0x0000ac30        0x0 /Applications/MCUXpressoIDE_24.12.148/ide/plugins/com.nxp.mcuxpresso.tools.macosx_24.12.0.202407110909/tools/bin/../lib/gcc/arm-none-eabi/13.2.1/thumb/v6-m/nofp/libgcc.a(_udivmoddi4.o)
                                  0x8 (size before relaxing)
                0x0000ac30                        __exidx_end = .

.rel.dyn        0x0000ac30        0x0
 .rel.iplt      0x0000ac30        0x0 /Applications/MCUXpressoIDE_24.12.148/ide/plugins/com.nxp.mcuxpresso.tools.macosx_24.12.0.202407110909/tools/bin/../lib/gcc/arm-none-eabi/13.2.1/thumb/v6-m/nofp/crtbegin.o

.ctors          0x0000ac30        0x0
                0x0000ac30                        __CTOR_LIST__ = .
 *crtbegin.o(.ctors)
 *crtbegin?.o(.ctors)
 *(EXCLUDE_FILE(*crtend.o *crtend?.o) .ctors)
 *(SORT_BY_NAME(.ctors.*))
 *(.ctors)
                0x0000ac30                        __CTOR_END__ = .

.dtors          0x0000ac30        0x0
                0x0000ac30                        __DTOR_LIST__ = .
 *crtbegin.o(.dtors)
 *crtbegin?.o(.dtors)
 *(EXCLUDE_FILE(*crtend.o *crtend?.o) .dtors)
 *(SORT_BY_NAME(.dtors.*))
 *(.dtors)
                0x0000ac30                        __DTOR_END__ = .

.preinit_array  0x0000ac30        0x0
                0x0000ac30                        PROVIDE (__preinit_array_start = .)
 *(.preinit_array*)
                0x0000ac30                        PROVIDE (__preinit_array_end = .)

.init_array     0x0000ac30        0x4
                0x0000ac30                        PROVIDE (__init_array_start = .)
 *(SORT_BY_NAME(.init_array.*))
 *(.init_array*)
 .init_array    0x0000ac30        0x4 /Applications/MCUXpressoIDE_24.12.148/ide/plugins/com.nxp.mcuxpresso.tools.macosx_24.12.0.202407110909/tools/bin/../lib/gcc/arm-none-eabi/13.2.1/thumb/v6-m/nofp/crtbegin.o
                0x0000ac34                        PROVIDE (__init_array_end = .)

.fini_array     0x0000ac34        0x4
                [!provide]                        PROVIDE (__fini_array_start = .)
 *(SORT_BY_NAME(.fini_array.*))
 *(.fini_array*)
 .fini_array    0x0000ac34        0x4 /Applications/MCUXpressoIDE_24.12.148/ide/plugins/com.nxp.mcuxpresso.tools.macosx_24.12.0.202407110909/tools/bin/../lib/gcc/arm-none-eabi/13.2.1/thumb/v6-m/nofp/crtbegin.o
                [!provide]                        PROVIDE (__fini_array_end = .)
                0x0000ac38                        __etext = .
                0x0000ac38                        __DATA_ROM = .

.data           0x10000000        0xc load address 0x0000ac38
                0x10000000                        . = ALIGN (0x4)
                0x10000000                        __DATA_RAM = .
                0x10000000                        __data_start__ = .
 *(.ramfunc*)
 *(.data)
 *(.data*)
 .data.SystemCoreClock
                0x10000000        0x4 CMakeFiles/new_project.elf.dir/Users/misaelcastillo/curso-lse/trabajo_integrador/sdks/integrador_sdk/devices/LPC845/system_LPC845.c.obj
                0x10000000                SystemCoreClock
 .data.xFreeBytesRemaining
                0x10000004        0x4 freertos/libfreertos.a(heap_2.c.obj)
 .data.uxCriticalNesting
                0x10000008        0x4 freertos/libfreertos.a(port.c.obj)
 *(.jcr*)
                0x1000000c                        . = ALIGN (0x4)
                0x1000000c                        __data_end__ = .
                0x0000ac44                        __DATA_END = (__DATA_ROM + (__data_end__ - __data_start__))
                0x00010000                        text_end = (ORIGIN (m_text) + LENGTH (m_text))
                0x00000001                        ASSERT ((__DATA_END <= text_end), region m_text overflowed with text and data)

.tm_clone_table
                0x1000000c        0x0 load address 0x0000ac44
 .tm_clone_table
                0x1000000c        0x0 /Applications/MCUXpressoIDE_24.12.148/ide/plugins/com.nxp.mcuxpresso.tools.macosx_24.12.0.202407110909/tools/bin/../lib/gcc/arm-none-eabi/13.2.1/thumb/v6-m/nofp/crtbegin.o
 .tm_clone_table
                0x1000000c        0x0 /Applications/MCUXpressoIDE_24.12.148/ide/plugins/com.nxp.mcuxpresso.tools.macosx_24.12.0.202407110909/tools/bin/../lib/gcc/arm-none-eabi/13.2.1/thumb/v6-m/nofp/crtend.o

.igot.plt       0x1000000c        0x0 load address 0x0000ac44
 .igot.plt      0x1000000c        0x0 /Applications/MCUXpressoIDE_24.12.148/ide/plugins/com.nxp.mcuxpresso.tools.macosx_24.12.0.202407110909/tools/bin/../lib/gcc/arm-none-eabi/13.2.1/thumb/v6-m/nofp/crtbegin.o

.bss            0x1000000c     0x2234 load address 0x0000ac44
                0x1000000c                        . = ALIGN (0x4)
                0x1000000c                        __START_BSS = .