/Users/misaelcastillo/curso-lse/trabajo_integrador/freertos/portable/MemMang/heap_2.c:153:8:pvPortMalloc	48	static
/Users/misaelcastillo/curso-lse/trabajo_integrador/freertos/portable/MemMang/heap_2.c:261:6:vPortFree	32	static
/Users/misaelcastillo/curso-lse/trabajo_integrador/freertos/portable/MemMang/heap_2.c:306:8:xPortGetFreeHeapSize	8	static
/Users/misaelcastillo/curso-lse/trabajo_integrador/freertos/portable/MemMang/heap_2.c:312:6:vPortInitialiseBlocks	8	static
/Users/misaelcastillo/curso-lse/trabajo_integrador/freertos/portable/MemMang/heap_2.c:318:8:pvPortCalloc	24	static
/Users/misaelcastillo/curso-lse/trabajo_integrador/freertos/portable/MemMang/heap_2.c:337:13:prvHeapInit	16	static
